../Core/Src/main.c:67:6:enable_clocks	4	static
../Core/Src/main.c:73:6:initialise_board	16	static
../Core/Src/main.c:84:5:main	8	static
../Core/Src/main.c:140:6:SystemClock_Config	128	static
../Core/Src/main.c:189:13:MX_I2C1_Init	8	static
../Core/Src/main.c:237:13:MX_SPI1_Init	8	static
../Core/Src/main.c:277:13:MX_USB_PCD_Init	8	static
../Core/Src/main.c:308:13:MX_GPIO_Init	48	static
../Core/Src/main.c:356:6:USART1_EXTI25_IRQHandler	8	static
../Core/Src/main.c:366:6:Error_Handler	4	static,ignoring_inline_asm
