../Drivers/CMSIS/Include/core_cm4.h:1688:22:__NVIC_EnableIRQ	16	static
../Core/Src/serial.c:106:6:SerialInitialise	24	static
../Core/Src/serial.c:145:6:EnableSerialInterrupt	16	static,ignoring_inline_asm
../Core/Src/serial.c:165:6:SerialOutputChar	16	static
../Core/Src/serial.c:172:6:SerialOutputString	24	static
../Core/Src/serial.c:187:6:SerialInputSequence	24	static
../Core/Src/serial.c:224:6:read_joystick_x	24	static
../Core/Src/serial.c:244:6:read_joystick_y	24	static
../Core/Src/serial.c:264:6:USART1_IRQHandler	8	static
