Archive member included to satisfy reference by file (symbol)

/Applications/STM32CubeIDE.app/Contents/Eclipse/plugins/com.st.stm32cube.ide.mcu.externaltools.gnu-tools-for-stm32.10.3-2021.10.macos64_1.0.200.202301161003/tools/bin/../lib/gcc/arm-none-eabi/10.3.1/../../../../arm-none-eabi/lib/thumb/v7e-m+fp/hard/libc_nano.a(lib_a-errno.o)
                              ./Core/Src/syscalls.o (__errno)
/Applications/STM32CubeIDE.app/Contents/Eclipse/plugins/com.st.stm32cube.ide.mcu.externaltools.gnu-tools-for-stm32.10.3-2021.10.macos64_1.0.200.202301161003/tools/bin/../lib/gcc/arm-none-eabi/10.3.1/../../../../arm-none-eabi/lib/thumb/v7e-m+fp/hard/libc_nano.a(lib_a-exit.o)
                              /Applications/STM32CubeIDE.app/Contents/Eclipse/plugins/com.st.stm32cube.ide.mcu.externaltools.gnu-tools-for-stm32.10.3-2021.10.macos64_1.0.200.202301161003/tools/bin/../lib/gcc/arm-none-eabi/10.3.1/../../../../arm-none-eabi/lib/thumb/v7e-m+fp/hard/crt0.o (exit)
/Applications/STM32CubeIDE.app/Contents/Eclipse/plugins/com.st.stm32cube.ide.mcu.externaltools.gnu-tools-for-stm32.10.3-2021.10.macos64_1.0.200.202301161003/tools/bin/../lib/gcc/arm-none-eabi/10.3.1/../../../../arm-none-eabi/lib/thumb/v7e-m+fp/hard/libc_nano.a(lib_a-impure.o)
                              /Applications/STM32CubeIDE.app/Contents/Eclipse/plugins/com.st.stm32cube.ide.mcu.externaltools.gnu-tools-for-stm32.10.3-2021.10.macos64_1.0.200.202301161003/tools/bin/../lib/gcc/arm-none-eabi/10.3.1/../../../../arm-none-eabi/lib/thumb/v7e-m+fp/hard/libc_nano.a(lib_a-exit.o) (_global_impure_ptr)
/Applications/STM32CubeIDE.app/Contents/Eclipse/plugins/com.st.stm32cube.ide.mcu.externaltools.gnu-tools-for-stm32.10.3-2021.10.macos64_1.0.200.202301161003/tools/bin/../lib/gcc/arm-none-eabi/10.3.1/../../../../arm-none-eabi/lib/thumb/v7e-m+fp/hard/libc_nano.a(lib_a-init.o)
                              /Applications/STM32CubeIDE.app/Contents/Eclipse/plugins/com.st.stm32cube.ide.mcu.externaltools.gnu-tools-for-stm32.10.3-2021.10.macos64_1.0.200.202301161003/tools/bin/../lib/gcc/arm-none-eabi/10.3.1/../../../../arm-none-eabi/lib/thumb/v7e-m+fp/hard/crt0.o (__libc_init_array)
/Applications/STM32CubeIDE.app/Contents/Eclipse/plugins/com.st.stm32cube.ide.mcu.externaltools.gnu-tools-for-stm32.10.3-2021.10.macos64_1.0.200.202301161003/tools/bin/../lib/gcc/arm-none-eabi/10.3.1/../../../../arm-none-eabi/lib/thumb/v7e-m+fp/hard/libc_nano.a(lib_a-memset.o)
                              /Applications/STM32CubeIDE.app/Contents/Eclipse/plugins/com.st.stm32cube.ide.mcu.externaltools.gnu-tools-for-stm32.10.3-2021.10.macos64_1.0.200.202301161003/tools/bin/../lib/gcc/arm-none-eabi/10.3.1/../../../../arm-none-eabi/lib/thumb/v7e-m+fp/hard/crt0.o (memset)
/Applications/STM32CubeIDE.app/Contents/Eclipse/plugins/com.st.stm32cube.ide.mcu.externaltools.gnu-tools-for-stm32.10.3-2021.10.macos64_1.0.200.202301161003/tools/bin/../lib/gcc/arm-none-eabi/10.3.1/../../../../arm-none-eabi/lib/thumb/v7e-m+fp/hard/libc_nano.a(lib_a-strcpy.o)
                              ./Core/Src/sequence.o (strcpy)

Discarded input sections

 .text          0x0000000000000000        0x0 /Applications/STM32CubeIDE.app/Contents/Eclipse/plugins/com.st.stm32cube.ide.mcu.externaltools.gnu-tools-for-stm32.10.3-2021.10.macos64_1.0.200.202301161003/tools/bin/../lib/gcc/arm-none-eabi/10.3.1/thumb/v7e-m+fp/hard/crti.o
 .data          0x0000000000000000        0x0 /Applications/STM32CubeIDE.app/Contents/Eclipse/plugins/com.st.stm32cube.ide.mcu.externaltools.gnu-tools-for-stm32.10.3-2021.10.macos64_1.0.200.202301161003/tools/bin/../lib/gcc/arm-none-eabi/10.3.1/thumb/v7e-m+fp/hard/crti.o
 .bss           0x0000000000000000        0x0 /Applications/STM32CubeIDE.app/Contents/Eclipse/plugins/com.st.stm32cube.ide.mcu.externaltools.gnu-tools-for-stm32.10.3-2021.10.macos64_1.0.200.202301161003/tools/bin/../lib/gcc/arm-none-eabi/10.3.1/thumb/v7e-m+fp/hard/crti.o
 .data          0x0000000000000000        0x4 /Applications/STM32CubeIDE.app/Contents/Eclipse/plugins/com.st.stm32cube.ide.mcu.externaltools.gnu-tools-for-stm32.10.3-2021.10.macos64_1.0.200.202301161003/tools/bin/../lib/gcc/arm-none-eabi/10.3.1/thumb/v7e-m+fp/hard/crtbegin.o
 .rodata        0x0000000000000000       0x24 /Applications/STM32CubeIDE.app/Contents/Eclipse/plugins/com.st.stm32cube.ide.mcu.externaltools.gnu-tools-for-stm32.10.3-2021.10.macos64_1.0.200.202301161003/tools/bin/../lib/gcc/arm-none-eabi/10.3.1/thumb/v7e-m+fp/hard/crtbegin.o
 .text          0x0000000000000000       0x7c /Applications/STM32CubeIDE.app/Contents/Eclipse/plugins/com.st.stm32cube.ide.mcu.externaltools.gnu-tools-for-stm32.10.3-2021.10.macos64_1.0.200.202301161003/tools/bin/../lib/gcc/arm-none-eabi/10.3.1/../../../../arm-none-eabi/lib/thumb/v7e-m+fp/hard/crt0.o
[...]
Memory Configuration

Name             Origin             Length             Attributes
CCMRAM           0x0000000010000000 0x0000000000002000 xrw
RAM              0x0000000020000000 0x000000000000a000 xrw
FLASH            0x0000000008000000 0x0000000000040000 xr
*default*        0x0000000000000000 0xffffffffffffffff

Linker script and memory map

LOAD /Applications/STM32CubeIDE.app/Contents/Eclipse/plugins/com.st.stm32cube.ide.mcu.externaltools.gnu-tools-for-stm32.10.3-2021.10.macos64_1.0.200.202301161003/tools/bin/../lib/gcc/arm-none-eabi/10.3.1/thumb/v7e-m+fp/hard/crti.o
LOAD /Applications/STM32CubeIDE.app/Contents/Eclipse/plugins/com.st.stm32cube.ide.mcu.externaltools.gnu-tools-for-stm32.10.3-2021.10.macos64_1.0.200.202301161003/tools/bin/../lib/gcc/arm-none-eabi/10.3.1/thumb/v7e-m+fp/hard/crtbegin.o
LOAD /Applications/STM32CubeIDE.app/Contents/Eclipse/plugins/com.st.stm32cube.ide.mcu.externaltools.gnu-tools-for-stm32.10.3-2021.10.macos64_1.0.200.202301161003/tools/bin/../lib/gcc/arm-none-eabi/10.3.1/../../../../arm-none-eabi/lib/thumb/v7e-m+fp/hard/crt0.o
LOAD ./Core/Src/main.o
LOAD ./Core/Src/sequence.o
LOAD ./Core/Src/serial.o
LOAD ./Core/Src/stm32f3xx_hal_msp.o
LOAD ./Core/Src/stm32f3xx_it.o
LOAD ./Core/Src/syscalls.o
LOAD ./Core/Src/sysmem.o
LOAD ./Core/Src/system_stm32f3xx.o
LOAD ./Core/Startup/startup_stm32f303vctx.o
LOAD ./Drivers/STM32F3xx_HAL_Driver/Src/stm32f3xx_hal.o
LOAD ./Drivers/STM32F3xx_HAL_Driver/Src/stm32f3xx_hal_cortex.o
LOAD ./Drivers/STM32F3xx_HAL_Driver/Src/stm32f3xx_hal_dma.o
LOAD ./Drivers/STM32F3xx_HAL_Driver/Src/stm32f3xx_hal_exti.o
LOAD ./Drivers/STM32F3xx_HAL_Driver/Src/stm32f3xx_hal_flash.o
LOAD ./Drivers/STM32F3xx_HAL_Driver/Src/stm32f3xx_hal_flash_ex.o
LOAD ./Drivers/STM32F3xx_HAL_Driver/Src/stm32f3xx_hal_gpio.o
LOAD ./Drivers/STM32F3xx_HAL_Driver/Src/stm32f3xx_hal_i2c.o
LOAD ./Drivers/STM32F3xx_HAL_Driver/Src/stm32f3xx_hal_i2c_ex.o
LOAD ./Drivers/STM32F3xx_HAL_Driver/Src/stm32f3xx_hal_pcd.o
LOAD ./Drivers/STM32F3xx_HAL_Driver/Src/stm32f3xx_hal_pcd_ex.o
LOAD ./Drivers/STM32F3xx_HAL_Driver/Src/stm32f3xx_hal_pwr.o
LOAD ./Drivers/STM32F3xx_HAL_Driver/Src/stm32f3xx_hal_pwr_ex.o
LOAD ./Drivers/STM32F3xx_HAL_Driver/Src/stm32f3xx_hal_rcc.o
LOAD ./Drivers/STM32F3xx_HAL_Driver/Src/stm32f3xx_hal_rcc_ex.o
LOAD ./Drivers/STM32F3xx_HAL_Driver/Src/stm32f3xx_hal_spi.o
LOAD ./Drivers/STM32F3xx_HAL_Driver/Src/stm32f3xx_hal_spi_ex.o
LOAD ./Drivers/STM32F3xx_HAL_Driver/Src/stm32f3xx_hal_tim.o
LOAD ./Drivers/STM32F3xx_HAL_Driver/Src/stm32f3xx_hal_tim_ex.o
LOAD ./Drivers/STM32F3xx_HAL_Driver/Src/stm32f3xx_ll_usb.o
START GROUP
LOAD /Applications/STM32CubeIDE.app/Contents/Eclipse/plugins/com.st.stm32cube.ide.mcu.externaltools.gnu-tools-for-stm32.10.3-2021.10.macos64_1.0.200.202301161003/tools/bin/../lib/gcc/arm-none-eabi/10.3.1/../../../../arm-none-eabi/lib/thumb/v7e-m+fp/hard/libc_nano.a
LOAD /Applications/STM32CubeIDE.app/Contents/Eclipse/plugins/com.st.stm32cube.ide.mcu.externaltools.gnu-tools-for-stm32.10.3-2021.10.macos64_1.0.200.202301161003/tools/bin/../lib/gcc/arm-none-eabi/10.3.1/../../../../arm-none-eabi/lib/thumb/v7e-m+fp/hard/libm.a
END GROUP
START GROUP
LOAD /Applications/STM32CubeIDE.app/Contents/Eclipse/plugins/com.st.stm32cube.ide.mcu.externaltools.gnu-tools-for-stm32.10.3-2021.10.macos64_1.0.200.202301161003/tools/bin/../lib/gcc/arm-none-eabi/10.3.1/thumb/v7e-m+fp/hard/libgcc.a
LOAD /Applications/STM32CubeIDE.app/Contents/Eclipse/plugins/com.st.stm32cube.ide.mcu.externaltools.gnu-tools-for-stm32.10.3-2021.10.macos64_1.0.200.202301161003/tools/bin/../lib/gcc/arm-none-eabi/10.3.1/../../../../arm-none-eabi/lib/thumb/v7e-m+fp/hard/libc_nano.a
END GROUP
START GROUP
LOAD /Applications/STM32CubeIDE.app/Contents/Eclipse/plugins/com.st.stm32cube.ide.mcu.externaltools.gnu-tools-for-stm32.10.3-2021.10.macos64_1.0.200.202301161003/tools/bin/../lib/gcc/arm-none-eabi/10.3.1/thumb/v7e-m+fp/hard/libgcc.a
LOAD /Applications/STM32CubeIDE.app/Contents/Eclipse/plugins/com.st.stm32cube.ide.mcu.externaltools.gnu-tools-for-stm32.10.3-2021.10.macos64_1.0.200.202301161003/tools/bin/../lib/gcc/arm-none-eabi/10.3.1/../../../../arm-none-eabi/lib/thumb/v7e-m+fp/hard/libc_nano.a
LOAD /Applications/STM32CubeIDE.app/Contents/Eclipse/plugins/com.st.stm32cube.ide.mcu.externaltools.gnu-tools-for-stm32.10.3-2021.10.macos64_1.0.200.202301161003/tools/bin/../lib/gcc/arm-none-eabi/10.3.1/../../../../arm-none-eabi/lib/thumb/v7e-m+fp/hard/libnosys.a
END GROUP
START GROUP
LOAD /Applications/STM32CubeIDE.app/Contents/Eclipse/plugins/com.st.stm32cube.ide.mcu.externaltools.gnu-tools-for-stm32.10.3-2021.10.macos64_1.0.200.202301161003/tools/bin/../lib/gcc/arm-none-eabi/10.3.1/thumb/v7e-m+fp/hard/libgcc.a
LOAD /Applications/STM32CubeIDE.app/Contents/Eclipse/plugins/com.st.stm32cube.ide.mcu.externaltools.gnu-tools-for-stm32.10.3-2021.10.macos64_1.0.200.202301161003/tools/bin/../lib/gcc/arm-none-eabi/10.3.1/../../../../arm-none-eabi/lib/thumb/v7e-m+fp/hard/libc_nano.a
LOAD /Applications/STM32CubeIDE.app/Contents/Eclipse/plugins/com.st.stm32cube.ide.mcu.externaltools.gnu-tools-for-stm32.10.3-2021.10.macos64_1.0.200.202301161003/tools/bin/../lib/gcc/arm-none-eabi/10.3.1/../../../../arm-none-eabi/lib/thumb/v7e-m+fp/hard/libnosys.a
END GROUP
LOAD /Applications/STM32CubeIDE.app/Contents/Eclipse/plugins/com.st.stm32cube.ide.mcu.externaltools.gnu-tools-for-stm32.10.3-2021.10.macos64_1.0.200.202301161003/tools/bin/../lib/gcc/arm-none-eabi/10.3.1/thumb/v7e-m+fp/hard/crtend.o
LOAD /Applications/STM32CubeIDE.app/Contents/Eclipse/plugins/com.st.stm32cube.ide.mcu.externaltools.gnu-tools-for-stm32.10.3-2021.10.macos64_1.0.200.202301161003/tools/bin/../lib/gcc/arm-none-eabi/10.3.1/thumb/v7e-m+fp/hard/crtn.o
                0x000000002000a000                _estack = (ORIGIN (RAM) + LENGTH (RAM))
                0x0000000000000200                _Min_Heap_Size = 0x200
                0x0000000000000400                _Min_Stack_Size = 0x400

.isr_vector     0x0000000008000000      0x188
                0x0000000008000000                . = ALIGN (0x4)
 *(.isr_vector)
 .isr_vector    0x0000000008000000      0x188 ./Core/Startup/startup_stm32f303vctx.o
                0x0000000008000000                g_pfnVectors
                0x0000000008000188                . = ALIGN (0x4)

.text           0x0000000008000188      0x574
                0x0000000008000188                . = ALIGN (0x4)
 *(.text)
 .text          0x0000000008000188       0x40 /Applications/STM32CubeIDE.app/Contents/Eclipse/plugins/com.st.stm32cube.ide.mcu.externaltools.gnu-tools-for-stm32.10.3-2021.10.macos64_1.0.200.202301161003/tools/bin/../lib/gcc/arm-none-eabi/10.3.1/thumb/v7e-m+fp/hard/crtbegin.o
 *(.text*)
 .text.enable_clocks
                0x00000000080001c8       0x20 ./Core/Src/main.o
                0x00000000080001c8                enable_clocks
 .text.initialise_board
                0x00000000080001e8       0x24 ./Core/Src/main.o
                0x00000000080001e8                initialise_board
 .text.main     0x000000000800020c       0x24 ./Core/Src/main.o
                0x000000000800020c                main
 .text.CheckSequence
                0x0000000008000230      0x138 ./Core/Src/sequence.o
                0x0000000008000230                CheckSequence
 .text.__NVIC_EnableIRQ
                0x0000000008000368       0x3c ./Core/Src/serial.o
 .text.SerialInitialise
                0x00000000080003a4       0xac ./Core/Src/serial.o
                0x00000000080003a4                SerialInitialise
 .text.SerialOutputChar
                0x0000000008000450       0x32 ./Core/Src/serial.o
                0x0000000008000450                SerialOutputChar
 .text.SerialOutputString
                0x0000000008000482       0x48 ./Core/Src/serial.o
                0x0000000008000482                SerialOutputString
 *fill*         0x00000000080004ca        0x2 
 .text.SerialInputString
                0x00000000080004cc       0xa8 ./Core/Src/serial.o
                0x00000000080004cc                SerialInputString
 .text.USART1_IRQHandler
                0x0000000008000574       0x14 ./Core/Src/serial.o
                0x0000000008000574                USART1_IRQHandler
 .text.NMI_Handler
                0x0000000008000588        0x6 ./Core/Src/stm32f3xx_it.o
                0x0000000008000588                NMI_Handler
 .text.HardFault_Handler
                0x000000000800058e        0x6 ./Core/Src/stm32f3xx_it.o
                0x000000000800058e                HardFault_Handler
 .text.MemManage_Handler
                0x0000000008000594        0x6 ./Core/Src/stm32f3xx_it.o
                0x0000000008000594                MemManage_Handler
 .text.BusFault_Handler
                0x000000000800059a        0x6 ./Core/Src/stm32f3xx_it.o
                0x000000000800059a                BusFault_Handler
 .text.UsageFault_Handler
                0x00000000080005a0        0x6 ./Core/Src/stm32f3xx_it.o
                0x00000000080005a0                UsageFault_Handler
 .text.SVC_Handler
                0x00000000080005a6        0xe ./Core/Src/stm32f3xx_it.o
                0x00000000080005a6                SVC_Handler
 .text.DebugMon_Handler
                0x00000000080005b4        0xe ./Core/Src/stm32f3xx_it.o
                0x00000000080005b4                DebugMon_Handler
 .text.PendSV_Handler
                0x00000000080005c2        0xe ./Core/Src/stm32f3xx_it.o
                0x00000000080005c2                PendSV_Handler
 .text.SysTick_Handler
                0x00000000080005d0        0xc ./Core/Src/stm32f3xx_it.o
                0x00000000080005d0                SysTick_Handler
 .text.SystemInit
                0x00000000080005dc       0x24 ./Core/Src/system_stm32f3xx.o
                0x00000000080005dc                SystemInit
 .text.Reset_Handler
                0x0000000008000600       0x50 ./Core/Startup/startup_stm32f303vctx.o
                0x0000000008000600                Reset_Handler
 .text.Default_Handler
                0x0000000008000650        0x2 ./Core/Startup/startup_stm32f303vctx.o
                0x0000000008000650                TIM1_BRK_TIM15_IRQHandler
                0x0000000008000650                TIM8_TRG_COM_IRQHandler
                0x0000000008000650                TIM8_CC_IRQHandler
                0x0000000008000650                TIM1_CC_IRQHandler
                0x0000000008000650                USB_HP_IRQHandler
                0x0000000008000650                PVD_IRQHandler
                0x0000000008000650                TAMP_STAMP_IRQHandler
                0x0000000008000650                EXTI3_IRQHandler
                0x0000000008000650                USB_HP_CAN_TX_IRQHandler
                0x0000000008000650                EXTI0_IRQHandler
                0x0000000008000650                I2C2_EV_IRQHandler
                0x0000000008000650                FPU_IRQHandler
                0x0000000008000650                TIM1_UP_TIM16_IRQHandler
                0x0000000008000650                ADC1_2_IRQHandler
                0x0000000008000650                SPI1_IRQHandler
                0x0000000008000650                CAN_SCE_IRQHandler
                0x0000000008000650                TIM6_DAC_IRQHandler
                0x0000000008000650                TIM8_UP_IRQHandler
                0x0000000008000650                DMA2_Channel2_IRQHandler
                0x0000000008000650                DMA1_Channel4_IRQHandler
                0x0000000008000650                USART3_IRQHandler
                0x0000000008000650                DMA1_Channel7_IRQHandler
                0x0000000008000650                UART5_IRQHandler
                0x0000000008000650                ADC3_IRQHandler
                0x0000000008000650                TIM4_IRQHandler
                0x0000000008000650                CAN_RX1_IRQHandler
                0x0000000008000650                DMA2_Channel1_IRQHandler
                0x0000000008000650                I2C1_EV_IRQHandler
                0x0000000008000650                DMA1_Channel6_IRQHandler
                0x0000000008000650                UART4_IRQHandler
                0x0000000008000650                DMA2_Channel4_IRQHandler
                0x0000000008000650                TIM3_IRQHandler
                0x0000000008000650                RCC_IRQHandler
                0x0000000008000650                DMA1_Channel1_IRQHandler
                0x0000000008000650                Default_Handler
                0x0000000008000650                USBWakeUp_RMP_IRQHandler
                0x0000000008000650                EXTI15_10_IRQHandler
                0x0000000008000650                TIM7_IRQHandler
                0x0000000008000650                EXTI9_5_IRQHandler
                0x0000000008000650                RTC_WKUP_IRQHandler
                0x0000000008000650                SPI2_IRQHandler
                0x0000000008000650                USB_LP_CAN_RX0_IRQHandler
                0x0000000008000650                DMA2_Channel5_IRQHandler
                0x0000000008000650                DMA1_Channel5_IRQHandler
                0x0000000008000650                USB_LP_IRQHandler
                0x0000000008000650                EXTI4_IRQHandler
                0x0000000008000650                TIM1_TRG_COM_TIM17_IRQHandler
                0x0000000008000650                DMA1_Channel3_IRQHandler
                0x0000000008000650                ADC4_IRQHandler
                0x0000000008000650                WWDG_IRQHandler
                0x0000000008000650                TIM2_IRQHandler
                0x0000000008000650                COMP7_IRQHandler
                0x0000000008000650                COMP1_2_3_IRQHandler
                0x0000000008000650                EXTI1_IRQHandler
                0x0000000008000650                USART2_IRQHandler
                0x0000000008000650                COMP4_5_6_IRQHandler
                0x0000000008000650                I2C2_ER_IRQHandler
                0x0000000008000650                DMA1_Channel2_IRQHandler
                0x0000000008000650                TIM8_BRK_IRQHandler
                0x0000000008000650                FLASH_IRQHandler
                0x0000000008000650                SPI3_IRQHandler
                0x0000000008000650                I2C1_ER_IRQHandler
                0x0000000008000650                USBWakeUp_IRQHandler
                0x0000000008000650                DMA2_Channel3_IRQHandler
                0x0000000008000650                EXTI2_TSC_IRQHandler
                0x0000000008000650                RTC_Alarm_IRQHandler
 *fill*         0x0000000008000652        0x2 
 .text.HAL_IncTick
                0x0000000008000654       0x28 ./Drivers/STM32F3xx_HAL_Driver/Src/stm32f3xx_hal.o
                0x0000000008000654                HAL_IncTick
 .text.__libc_init_array
                0x000000000800067c       0x48 /Applications/STM32CubeIDE.app/Contents/Eclipse/plugins/com.st.stm32cube.ide.mcu.externaltools.gnu-tools-for-stm32.10.3-2021.10.macos64_1.0.200.202301161003/tools/bin/../lib/gcc/arm-none-eabi/10.3.1/../../../../arm-none-eabi/lib/thumb/v7e-m+fp/hard/libc_nano.a(lib_a-init.o)
                0x000000000800067c                __libc_init_array
 .text.memset   0x00000000080006c4       0x10 /Applications/STM32CubeIDE.app/Contents/Eclipse/plugins/com.st.stm32cube.ide.mcu.externaltools.gnu-tools-for-stm32.10.3-2021.10.macos64_1.0.200.202301161003/tools/bin/../lib/gcc/arm-none-eabi/10.3.1/../../../../arm-none-eabi/lib/thumb/v7e-m+fp/hard/libc_nano.a(lib_a-memset.o)
                0x00000000080006c4                memset
 .text.strcpy   0x00000000080006d4       0x10 /Applications/STM32CubeIDE.app/Contents/Eclipse/plugins/com.st.stm32cube.ide.mcu.externaltools.gnu-tools-for-stm32.10.3-2021.10.macos64_1.0.200.202301161003/tools/bin/../lib/gcc/arm-none-eabi/10.3.1/../../../../arm-none-eabi/lib/thumb/v7e-m+fp/hard/libc_nano.a(lib_a-strcpy.o)
                0x00000000080006d4                strcpy
 *(.glue_7)
 .glue_7        0x00000000080006e4        0x0 linker stubs
 *(.glue_7t)
 .glue_7t       0x00000000080006e4        0x0 linker stubs
 *(.eh_frame)
 .eh_frame      0x00000000080006e4        0x0 /Applications/STM32CubeIDE.app/Contents/Eclipse/plugins/com.st.stm32cube.ide.mcu.externaltools.gnu-tools-for-stm32.10.3-2021.10.macos64_1.0.200.202301161003/tools/bin/../lib/gcc/arm-none-eabi/10.3.1/thumb/v7e-m+fp/hard/crtbegin.o
 *(.init)
 .init          0x00000000080006e4        0x4 /Applications/STM32CubeIDE.app/Contents/Eclipse/plugins/com.st.stm32cube.ide.mcu.externaltools.gnu-tools-for-stm32.10.3-2021.10.macos64_1.0.200.202301161003/tools/bin/../lib/gcc/arm-none-eabi/10.3.1/thumb/v7e-m+fp/hard/crti.o
                0x00000000080006e4                _init
 .init          0x00000000080006e8        0x8 /Applications/STM32CubeIDE.app/Contents/Eclipse/plugins/com.st.stm32cube.ide.mcu.externaltools.gnu-tools-for-stm32.10.3-2021.10.macos64_1.0.200.202301161003/tools/bin/../lib/gcc/arm-none-eabi/10.3.1/thumb/v7e-m+fp/hard/crtn.o
 *(.fini)
 .fini          0x00000000080006f0        0x4 /Applications/STM32CubeIDE.app/Contents/Eclipse/plugins/com.st.stm32cube.ide.mcu.externaltools.gnu-tools-for-stm32.10.3-2021.10.macos64_1.0.200.202301161003/tools/bin/../lib/gcc/arm-none-eabi/10.3.1/thumb/v7e-m+fp/hard/crti.o
                0x00000000080006f0                _fini
 .fini          0x00000000080006f4        0x8 /Applications/STM32CubeIDE.app/Contents/Eclipse/plugins/com.st.stm32cube.ide.mcu.externaltools.gnu-tools-for-stm32.10.3-2021.10.macos64_1.0.200.202301161003/tools/bin/../lib/gcc/arm-none-eabi/10.3.1/thumb/v7e-m+fp/hard/crtn.o
                0x00000000080006fc                . = ALIGN (0x4)
                0x00000000080006fc                _etext = .

.vfp11_veneer   0x00000000080006fc        0x0
 .vfp11_veneer  0x00000000080006fc        0x0 linker stubs

.v4_bx          0x00000000080006fc        0x0
 .v4_bx         0x00000000080006fc        0x0 linker stubs

.iplt           0x00000000080006fc        0x0
 .iplt          0x00000000080006fc        0x0 /Applications/STM32CubeIDE.app/Contents/Eclipse/plugins/com.st.stm32cube.ide.mcu.externaltools.gnu-tools-for-stm32.10.3-2021.10.macos64_1.0.200.202301161003/tools/bin/../lib/gcc/arm-none-eabi/10.3.1/thumb/v7e-m+fp/hard/crtbegin.o

.rodata         0x00000000080006fc       0x40
                0x00000000080006fc                . = ALIGN (0x4)
 *(.rodata)
 .rodata        0x00000000080006fc       0x40 ./Core/Src/sequence.o
 *(.rodata*)
                0x000000000800073c                . = ALIGN (0x4)

.rel.dyn        0x000000000800073c        0x0
 .rel.iplt      0x000000000800073c        0x0 /Applications/STM32CubeIDE.app/Contents/Eclipse/plugins/com.st.stm32cube.ide.mcu.externaltools.gnu-tools-for-stm32.10.3-2021.10.macos64_1.0.200.202301161003/tools/bin/../lib/gcc/arm-none-eabi/10.3.1/thumb/v7e-m+fp/hard/crtbegin.o

.ARM.extab      0x000000000800073c        0x0
                0x000000000800073c                . = ALIGN (0x4)
 *(.ARM.extab* .gnu.linkonce.armextab.*)
                0x000000000800073c                . = ALIGN (0x4)

.ARM            0x000000000800073c        0x0
                0x000000000800073c                . = ALIGN (0x4)
                0x000000000800073c                __exidx_start = .
 *(.ARM.exidx*)
                0x000000000800073c                __exidx_end = .
                0x000000000800073c                . = ALIGN (0x4)

.preinit_array  0x000000000800073c        0x0
                0x000000000800073c                . = ALIGN (0x4)
                0x000000000800073c                PROVIDE (__preinit_array_start = .)
 *(.preinit_array*)
                0x000000000800073c                PROVIDE (__preinit_array_end = .)
                0x000000000800073c                . = ALIGN (0x4)

.init_array     0x000000000800073c        0x4
                0x000000000800073c                . = ALIGN (0x4)
                0x000000000800073c                PROVIDE (__init_array_start = .)
 *(SORT_BY_NAME(.init_array.*))
 *(.init_array*)
 .init_array    0x000000000800073c        0x4 /Applications/STM32CubeIDE.app/Contents/Eclipse/plugins/com.st.stm32cube.ide.mcu.externaltools.gnu-tools-for-stm32.10.3-2021.10.macos64_1.0.200.202301161003/tools/bin/../lib/gcc/arm-none-eabi/10.3.1/thumb/v7e-m+fp/hard/crtbegin.o
                0x0000000008000740                PROVIDE (__init_array_end = .)
                0x0000000008000740                . = ALIGN (0x4)

.fini_array     0x0000000008000740        0x4
                0x0000000008000740                . = ALIGN (0x4)
                [!provide]                        PROVIDE (__fini_array_start = .)
 *(SORT_BY_NAME(.fini_array.*))
 *(.fini_array*)
 .fini_array    0x0000000008000740        0x4 /Applications/STM32CubeIDE.app/Contents/Eclipse/plugins/com.st.stm32cube.ide.mcu.externaltools.gnu-tools-for-stm32.10.3-2021.10.macos64_1.0.200.202301161003/tools/bin/../lib/gcc/arm-none-eabi/10.3.1/thumb/v7e-m+fp/hard/crtbegin.o
                [!provide]                        PROVIDE (__fini_array_end = .)
                0x0000000008000744                . = ALIGN (0x4)
                0x0000000008000744                _sidata = LOADADDR (.data)

.data           0x0000000020000000       0x60 load address 0x0000000008000744
                0x0000000020000000                . = ALIGN (0x4)
                0x0000000020000000                _sdata = .
 *(.data)
 *(.data*)
 .data.seq1     0x0000000020000000        0x4 ./Core/Src/sequence.o
 .data.seq2     0x0000000020000004        0x5 ./Core/Src/sequence.o
 *fill*         0x0000000020000009        0x3 
 .data.seq3     0x000000002000000c        0x6 ./Core/Src/sequence.o
 *fill*         0x0000000020000012        0x2 
 .data.seq4     0x0000000020000014        0x7 ./Core/Src/sequence.o
 *fill*         0x000000002000001b        0x1 
 .data.USART1_PORT
                0x000000002000001c       0x40 ./Core/Src/serial.o
                0x000000002000001c                USART1_PORT
 .data.uwTickFreq
                0x000000002000005c        0x1 ./Drivers/STM32F3xx_HAL_Driver/Src/stm32f3xx_hal.o
                0x000000002000005c                uwTickFreq
 *(.RamFunc)
 *(.RamFunc*)
                0x0000000020000060                . = ALIGN (0x4)
 *fill*         0x000000002000005d        0x3 
                0x0000000020000060                _edata = .
                0x00000000080007a4                _siccmram = LOADADDR (.ccmram)

.igot.plt       0x0000000020000060        0x0 load address 0x00000000080007a4
 .igot.plt      0x0000000020000060        0x0 /Applications/STM32CubeIDE.app/Contents/Eclipse/plugins/com.st.stm32cube.ide.mcu.externaltools.gnu-tools-for-stm32.10.3-2021.10.macos64_1.0.200.202301161003/tools/bin/../lib/gcc/arm-none-eabi/10.3.1/thumb/v7e-m+fp/hard/crtbegin.o

.ccmram         0x0000000010000000        0x0 load address 0x00000000080007a4
                0x0000000010000000                . = ALIGN (0x4)
                0x0000000010000000                _sccmram = .
 *(.ccmram)
 *(.ccmram*)
                0x0000000010000000                . = ALIGN (0x4)
                0x0000000010000000                _eccmram = .
                0x0000000010000000                . = ALIGN (0x4)

.bss            0x0000000020000060       0x68
                0x0000000020000060                _sbss = .
                0x0000000020000060                __bss_start__ = _sbss
 *(.bss)
 .bss           0x0000000020000060       0x1c /Applications/STM32CubeIDE.app/Contents/Eclipse/plugins/com.st.stm32cube.ide.mcu.externaltools.gnu-tools-for-stm32.10.3-2021.10.macos64_1.0.200.202301161003/tools/bin/../lib/gcc/arm-none-eabi/10.3.1/thumb/v7e-m+fp/hard/crtbegin.o
 *(.bss*)
 .bss.count     0x000000002000007c        0x4 ./Core/Src/sequence.o
                0x000000002000007c                count
 .bss.rx_buffer
                0x0000000020000080       0x40 ./Core/Src/serial.o
                0x0000000020000080                rx_buffer
 .bss.rx_index  0x00000000200000c0        0x1 ./Core/Src/serial.o
                0x00000000200000c0                rx_index
 *fill*         0x00000000200000c1        0x3 
 .bss.uwTick    0x00000000200000c4        0x4 ./Drivers/STM32F3xx_HAL_Driver/Src/stm32f3xx_hal.o
                0x00000000200000c4                uwTick
 *(COMMON)
                0x00000000200000c8                . = ALIGN (0x4)
                0x00000000200000c8                _ebss = .
                0x00000000200000c8                __bss_end__ = _ebss

._user_heap_stack
                0x00000000200000c8      0x600
                0x00000000200000c8                . = ALIGN (0x8)
                [!provide]                        PROVIDE (end = .)
                0x00000000200000c8                PROVIDE (_end = .)
                0x00000000200002c8                . = (. + _Min_Heap_Size)
 *fill*         0x00000000200000c8      0x200 
                0x00000000200006c8                . = (. + _Min_Stack_Size)
 *fill*         0x00000000200002c8      0x400 
                0x00000000200006c8                . = ALIGN (0x8)

/DISCARD/
 libc.a(*)
 libm.a(*)
 libgcc.a(*)

.ARM.attributes
                0x0000000000000000       0x30
 *(.ARM.attributes)
 .ARM.attributes
                0x0000000000000000       0x1e /Applications/STM32CubeIDE.app/Contents/Eclipse/plugins/com.st.stm32cube.ide.mcu.externaltools.gnu-tools-for-stm32.10.3-2021.10.macos64_1.0.200.202301161003/tools/bin/../lib/gcc/arm-none-eabi/10.3.1/thumb/v7e-m+fp/hard/crti.o
 .ARM.attributes
                0x000000000000001e       0x34 /Applications/STM32CubeIDE.app/Contents/Eclipse/plugins/com.st.stm32cube.ide.mcu.externaltools.gnu-tools-for-stm32.10.3-2021.10.macos64_1.0.200.202301161003/tools/bin/../lib/gcc/arm-none-eabi/10.3.1/thumb/v7e-m+fp/hard/crtbegin.o
 .ARM.attributes
                0x0000000000000052       0x34 ./Core/Src/main.o
 .ARM.attributes
                0x0000000000000086       0x34 ./Core/Src/sequence.o
 .ARM.attributes
                0x00000000000000ba       0x34 ./Core/Src/serial.o
 .ARM.attributes
                0x00000000000000ee       0x34 ./Core/Src/stm32f3xx_it.o
 .ARM.attributes
                0x0000000000000122       0x34 ./Core/Src/system_stm32f3xx.o
 .ARM.attributes
                0x0000000000000156       0x21 ./Core/Startup/startup_stm32f303vctx.o
 .ARM.attributes
                0x0000000000000177       0x34 ./Drivers/STM32F3xx_HAL_Driver/Src/stm32f3xx_hal.o
 .ARM.attributes
                0x00000000000001ab       0x34 /Applications/STM32CubeIDE.app/Contents/Eclipse/plugins/com.st.stm32cube.ide.mcu.externaltools.gnu-tools-for-stm32.10.3-2021.10.macos64_1.0.200.202301161003/tools/bin/../lib/gcc/arm-none-eabi/10.3.1/../../../../arm-none-eabi/lib/thumb/v7e-m+fp/hard/libc_nano.a(lib_a-init.o)
 .ARM.attributes
                0x00000000000001df       0x34 /Applications/STM32CubeIDE.app/Contents/Eclipse/plugins/com.st.stm32cube.ide.mcu.externaltools.gnu-tools-for-stm32.10.3-2021.10.macos64_1.0.200.202301161003/tools/bin/../lib/gcc/arm-none-eabi/10.3.1/../../../../arm-none-eabi/lib/thumb/v7e-m+fp/hard/libc_nano.a(lib_a-memset.o)
 .ARM.attributes
                0x0000000000000213       0x34 /Applications/STM32CubeIDE.app/Contents/Eclipse/plugins/com.st.stm32cube.ide.mcu.externaltools.gnu-tools-for-stm32.10.3-2021.10.macos64_1.0.200.202301161003/tools/bin/../lib/gcc/arm-none-eabi/10.3.1/../../../../arm-none-eabi/lib/thumb/v7e-m+fp/hard/libc_nano.a(lib_a-strcpy.o)
 .ARM.attributes
                0x0000000000000247       0x1e /Applications/STM32CubeIDE.app/Contents/Eclipse/plugins/com.st.stm32cube.ide.mcu.externaltools.gnu-tools-for-stm32.10.3-2021.10.macos64_1.0.200.202301161003/tools/bin/../lib/gcc/arm-none-eabi/10.3.1/thumb/v7e-m+fp/hard/crtn.o
OUTPUT(serial_module.elf elf32-littlearm)
LOAD linker stubs
LOAD /Applications/STM32CubeIDE.app/Contents/Eclipse/plugins/com.st.stm32cube.ide.mcu.externaltools.gnu-tools-for-stm32.10.3-2021.10.macos64_1.0.200.202301161003/tools/bin/../lib/gcc/arm-none-eabi/10.3.1/../../../../arm-none-eabi/lib/thumb/v7e-m+fp/hard/libc.a
LOAD /Applications/STM32CubeIDE.app/Contents/Eclipse/plugins/com.st.stm32cube.ide.mcu.externaltools.gnu-tools-for-stm32.10.3-2021.10.macos64_1.0.200.202301161003/tools/bin/../lib/gcc/arm-none-eabi/10.3.1/../../../../arm-none-eabi/lib/thumb/v7e-m+fp/hard/libm.a
LOAD /Applications/STM32CubeIDE.app/Contents/Eclipse/plugins/com.st.stm32cube.ide.mcu.externaltools.gnu-tools-for-stm32.10.3-2021.10.macos64_1.0.200.202301161003/tools/bin/../lib/gcc/arm-none-eabi/10.3.1/thumb/v7e-m+fp/hard/libgcc.a

.debug_info     0x0000000000000000     0x2ef9
 .debug_info    0x0000000000000000     0x14d8 ./Core/Src/main.o
 .debug_info    0x00000000000014d8      0x2e1 ./Core/Src/sequence.o
 .debug_info    0x00000000000017b9      0x9df ./Core/Src/serial.o
 .debug_info    0x0000000000002198      0x122 ./Core/Src/stm32f3xx_it.o
 .debug_info    0x00000000000022ba      0x416 ./Core/Src/system_stm32f3xx.o
 .debug_info    0x00000000000026d0       0x22 ./Core/Startup/startup_stm32f303vctx.o
 .debug_info    0x00000000000026f2      0x807 ./Drivers/STM32F3xx_HAL_Driver/Src/stm32f3xx_hal.o

.debug_abbrev   0x0000000000000000      0xa48
 .debug_abbrev  0x0000000000000000      0x2ed ./Core/Src/main.o
 .debug_abbrev  0x00000000000002ed      0x135 ./Core/Src/sequence.o
 .debug_abbrev  0x0000000000000422      0x27c ./Core/Src/serial.o
 .debug_abbrev  0x000000000000069e       0x74 ./Core/Src/stm32f3xx_it.o
 .debug_abbrev  0x0000000000000712      0x116 ./Core/Src/system_stm32f3xx.o
 .debug_abbrev  0x0000000000000828       0x12 ./Core/Startup/startup_stm32f303vctx.o
 .debug_abbrev  0x000000000000083a      0x20e ./Drivers/STM32F3xx_HAL_Driver/Src/stm32f3xx_hal.o

.debug_aranges  0x0000000000000000      0x258
 .debug_aranges
                0x0000000000000000       0x60 ./Core/Src/main.o
 .debug_aranges
                0x0000000000000060       0x20 ./Core/Src/sequence.o
 .debug_aranges
                0x0000000000000080       0x48 ./Core/Src/serial.o
 .debug_aranges
                0x00000000000000c8       0x60 ./Core/Src/stm32f3xx_it.o
 .debug_aranges
                0x0000000000000128       0x28 ./Core/Src/system_stm32f3xx.o
 .debug_aranges
                0x0000000000000150       0x28 ./Core/Startup/startup_stm32f303vctx.o
 .debug_aranges
                0x0000000000000178       0xe0 ./Drivers/STM32F3xx_HAL_Driver/Src/stm32f3xx_hal.o

.debug_ranges   0x0000000000000000      0x208
 .debug_ranges  0x0000000000000000       0x50 ./Core/Src/main.o
 .debug_ranges  0x0000000000000050       0x10 ./Core/Src/sequence.o
 .debug_ranges  0x0000000000000060       0x50 ./Core/Src/serial.o
 .debug_ranges  0x00000000000000b0       0x50 ./Core/Src/stm32f3xx_it.o
 .debug_ranges  0x0000000000000100       0x18 ./Core/Src/system_stm32f3xx.o
 .debug_ranges  0x0000000000000118       0x20 ./Core/Startup/startup_stm32f303vctx.o
 .debug_ranges  0x0000000000000138       0xd0 ./Drivers/STM32F3xx_HAL_Driver/Src/stm32f3xx_hal.o

.debug_macro    0x0000000000000000    0x2e291
 .debug_macro   0x0000000000000000      0x213 ./Core/Src/main.o
 .debug_macro   0x0000000000000213      0xa78 ./Core/Src/main.o
 .debug_macro   0x0000000000000c8b      0x157 ./Core/Src/main.o
 .debug_macro   0x0000000000000de2       0x2e ./Core/Src/main.o
 .debug_macro   0x0000000000000e10       0x28 ./Core/Src/main.o
 .debug_macro   0x0000000000000e38       0x22 ./Core/Src/main.o
 .debug_macro   0x0000000000000e5a       0x8e ./Core/Src/main.o
 .debug_macro   0x0000000000000ee8       0x51 ./Core/Src/main.o
 .debug_macro   0x0000000000000f39      0x103 ./Core/Src/main.o
 .debug_macro   0x000000000000103c       0x6a ./Core/Src/main.o
 .debug_macro   0x00000000000010a6      0x1df ./Core/Src/main.o
 .debug_macro   0x0000000000001285       0x1c ./Core/Src/main.o
 .debug_macro   0x00000000000012a1       0x22 ./Core/Src/main.o
 .debug_macro   0x00000000000012c3       0xd9 ./Core/Src/main.o
 .debug_macro   0x000000000000139c     0x102d ./Core/Src/main.o
 .debug_macro   0x00000000000023c9      0x11f ./Core/Src/main.o
 .debug_macro   0x00000000000024e8    0x12a3a ./Core/Src/main.o
 .debug_macro   0x0000000000014f22       0x6d ./Core/Src/main.o
 .debug_macro   0x0000000000014f8f     0x3558 ./Core/Src/main.o
 .debug_macro   0x00000000000184e7      0x174 ./Core/Src/main.o
 .debug_macro   0x000000000001865b       0x55 ./Core/Src/main.o
 .debug_macro   0x00000000000186b0      0x961 ./Core/Src/main.o
 .debug_macro   0x0000000000019011      0x5fe ./Core/Src/main.o
 .debug_macro   0x000000000001960f      0x1b5 ./Core/Src/main.o
 .debug_macro   0x00000000000197c4      0x1fb ./Core/Src/main.o
 .debug_macro   0x00000000000199bf      0x1dc ./Core/Src/main.o
 .debug_macro   0x0000000000019b9b      0x1bc ./Core/Src/main.o
 .debug_macro   0x0000000000019d57       0x30 ./Core/Src/main.o
 .debug_macro   0x0000000000019d87       0x3c ./Core/Src/main.o
 .debug_macro   0x0000000000019dc3      0x235 ./Core/Src/main.o
 .debug_macro   0x0000000000019ff8       0xc5 ./Core/Src/main.o
 .debug_macro   0x000000000001a0bd      0x21d ./Core/Src/main.o
 .debug_macro   0x000000000001a2da      0x22c ./Core/Src/main.o
 .debug_macro   0x000000000001a506       0x5b ./Core/Src/main.o
 .debug_macro   0x000000000001a561       0xa5 ./Core/Src/main.o
 .debug_macro   0x000000000001a606       0x73 ./Core/Src/main.o
 .debug_macro   0x000000000001a679      0x242 ./Core/Src/main.o
 .debug_macro   0x000000000001a8bb       0x81 ./Core/Src/main.o
 .debug_macro   0x000000000001a93c       0xd3 ./Core/Src/main.o
 .debug_macro   0x000000000001aa0f      0x2fe ./Core/Src/main.o
 .debug_macro   0x000000000001ad0d      0x275 ./Core/Src/main.o
 .debug_macro   0x000000000001af82      0x160 ./Core/Src/main.o
 .debug_macro   0x000000000001b0e2       0x77 ./Core/Src/sequence.o
 .debug_macro   0x000000000001b159       0xe1 ./Core/Src/serial.o
 .debug_macro   0x000000000001b23a       0x28 ./Core/Src/serial.o
 .debug_macro   0x000000000001b262    0x12a3a ./Core/Src/serial.o
 .debug_macro   0x000000000002dc9c      0x201 ./Core/Src/stm32f3xx_it.o
 .debug_macro   0x000000000002de9d      0x1e8 ./Core/Src/system_stm32f3xx.o
 .debug_macro   0x000000000002e085      0x20c ./Drivers/STM32F3xx_HAL_Driver/Src/stm32f3xx_hal.o

.debug_line     0x0000000000000000     0x2da1
 .debug_line    0x0000000000000000      0x922 ./Core/Src/main.o
 .debug_line    0x0000000000000922      0x44f ./Core/Src/sequence.o
 .debug_line    0x0000000000000d71      0x638 ./Core/Src/serial.o
 .debug_line    0x00000000000013a9      0x7f1 ./Core/Src/stm32f3xx_it.o
 .debug_line    0x0000000000001b9a      0x7a5 ./Core/Src/system_stm32f3xx.o
 .debug_line    0x000000000000233f       0x88 ./Core/Startup/startup_stm32f303vctx.o
 .debug_line    0x00000000000023c7      0x9da ./Drivers/STM32F3xx_HAL_Driver/Src/stm32f3xx_hal.o

.debug_str      0x0000000000000000    0xa9145
 .debug_str     0x0000000000000000    0xa8533 ./Core/Src/main.o
                                      0xa8cb8 (size before relaxing)
 .debug_str     0x00000000000a8533       0x85 ./Core/Src/sequence.o
                                       0x3d10 (size before relaxing)
 .debug_str     0x00000000000a85b8      0x5dd ./Core/Src/serial.o
                                      0x7298e (size before relaxing)
 .debug_str     0x00000000000a8b95       0xc9 ./Core/Src/stm32f3xx_it.o
                                      0xa7e5b (size before relaxing)
 .debug_str     0x00000000000a8c5e       0xdf ./Core/Src/system_stm32f3xx.o
                                      0xa79d1 (size before relaxing)
 .debug_str     0x00000000000a8d3d       0x36 ./Core/Startup/startup_stm32f303vctx.o
                                         0x78 (size before relaxing)
 .debug_str     0x00000000000a8d73      0x3d2 ./Drivers/STM32F3xx_HAL_Driver/Src/stm32f3xx_hal.o
                                      0xa820f (size before relaxing)

.comment        0x0000000000000000       0x50
 .comment       0x0000000000000000       0x50 ./Core/Src/main.o
                                         0x51 (size before relaxing)
 .comment       0x0000000000000050       0x51 ./Core/Src/sequence.o
 .comment       0x0000000000000050       0x51 ./Core/Src/serial.o
 .comment       0x0000000000000050       0x51 ./Core/Src/stm32f3xx_it.o
 .comment       0x0000000000000050       0x51 ./Core/Src/system_stm32f3xx.o
 .comment       0x0000000000000050       0x51 ./Drivers/STM32F3xx_HAL_Driver/Src/stm32f3xx_hal.o

.debug_frame    0x0000000000000000      0x744
 .debug_frame   0x0000000000000000      0x12c ./Core/Src/main.o
 .debug_frame   0x000000000000012c       0x34 ./Core/Src/sequence.o
 .debug_frame   0x0000000000000160       0xe8 ./Core/Src/serial.o
 .debug_frame   0x0000000000000248      0x104 ./Core/Src/stm32f3xx_it.o
 .debug_frame   0x000000000000034c       0x58 ./Core/Src/system_stm32f3xx.o
 .debug_frame   0x00000000000003a4      0x334 ./Drivers/STM32F3xx_HAL_Driver/Src/stm32f3xx_hal.o
 .debug_frame   0x00000000000006d8       0x2c /Applications/STM32CubeIDE.app/Contents/Eclipse/plugins/com.st.stm32cube.ide.mcu.externaltools.gnu-tools-for-stm32.10.3-2021.10.macos64_1.0.200.202301161003/tools/bin/../lib/gcc/arm-none-eabi/10.3.1/../../../../arm-none-eabi/lib/thumb/v7e-m+fp/hard/libc_nano.a(lib_a-init.o)
 .debug_frame   0x0000000000000704       0x20 /Applications/STM32CubeIDE.app/Contents/Eclipse/plugins/com.st.stm32cube.ide.mcu.externaltools.gnu-tools-for-stm32.10.3-2021.10.macos64_1.0.200.202301161003/tools/bin/../lib/gcc/arm-none-eabi/10.3.1/../../../../arm-none-eabi/lib/thumb/v7e-m+fp/hard/libc_nano.a(lib_a-memset.o)
 .debug_frame   0x0000000000000724       0x20 /Applications/STM32CubeIDE.app/Contents/Eclipse/plugins/com.st.stm32cube.ide.mcu.externaltools.gnu-tools-for-stm32.10.3-2021.10.macos64_1.0.200.202301161003/tools/bin/../lib/gcc/arm-none-eabi/10.3.1/../../../../arm-none-eabi/lib/thumb/v7e-m+fp/hard/libc_nano.a(lib_a-strcpy.o)
