Archive member included to satisfy reference by file (symbol)

/Applications/STM32CubeIDE.app/Contents/Eclipse/plugins/com.st.stm32cube.ide.mcu.externaltools.gnu-tools-for-stm32.10.3-2021.10.macos64_1.0.100.202210260954/tools/bin/../lib/gcc/arm-none-eabi/10.3.1/../../../../arm-none-eabi/lib/thumb/v7e-m+fp/hard/libc_nano.a(lib_a-errno.o)
                              ./Core/Src/syscalls.o (__errno)
/Applications/STM32CubeIDE.app/Contents/Eclipse/plugins/com.st.stm32cube.ide.mcu.externaltools.gnu-tools-for-stm32.10.3-2021.10.macos64_1.0.100.202210260954/tools/bin/../lib/gcc/arm-none-eabi/10.3.1/../../../../arm-none-eabi/lib/thumb/v7e-m+fp/hard/libc_nano.a(lib_a-exit.o)
                              /Applications/STM32CubeIDE.app/Contents/Eclipse/plugins/com.st.stm32cube.ide.mcu.externaltools.gnu-tools-for-stm32.10.3-2021.10.macos64_1.0.100.202210260954/tools/bin/../lib/gcc/arm-none-eabi/10.3.1/../../../../arm-none-eabi/lib/thumb/v7e-m+fp/hard/crt0.o (exit)
/Applications/STM32CubeIDE.app/Contents/Eclipse/plugins/com.st.stm32cube.ide.mcu.externaltools.gnu-tools-for-stm32.10.3-2021.10.macos64_1.0.100.202210260954/tools/bin/../lib/gcc/arm-none-eabi/10.3.1/../../../../arm-none-eabi/lib/thumb/v7e-m+fp/hard/libc_nano.a(lib_a-impure.o)
                              /Applications/STM32CubeIDE.app/Contents/Eclipse/plugins/com.st.stm32cube.ide.mcu.externaltools.gnu-tools-for-stm32.10.3-2021.10.macos64_1.0.100.202210260954/tools/bin/../lib/gcc/arm-none-eabi/10.3.1/../../../../arm-none-eabi/lib/thumb/v7e-m+fp/hard/libc_nano.a(lib_a-exit.o) (_global_impure_ptr)
/Applications/STM32CubeIDE.app/Contents/Eclipse/plugins/com.st.stm32cube.ide.mcu.externaltools.gnu-tools-for-stm32.10.3-2021.10.macos64_1.0.100.202210260954/tools/bin/../lib/gcc/arm-none-eabi/10.3.1/../../../../arm-none-eabi/lib/thumb/v7e-m+fp/hard/libc_nano.a(lib_a-init.o)
                              /Applications/STM32CubeIDE.app/Contents/Eclipse/plugins/com.st.stm32cube.ide.mcu.externaltools.gnu-tools-for-stm32.10.3-2021.10.macos64_1.0.100.202210260954/tools/bin/../lib/gcc/arm-none-eabi/10.3.1/../../../../arm-none-eabi/lib/thumb/v7e-m+fp/hard/crt0.o (__libc_init_array)
/Applications/STM32CubeIDE.app/Contents/Eclipse/plugins/com.st.stm32cube.ide.mcu.externaltools.gnu-tools-for-stm32.10.3-2021.10.macos64_1.0.100.202210260954/tools/bin/../lib/gcc/arm-none-eabi/10.3.1/../../../../arm-none-eabi/lib/thumb/v7e-m+fp/hard/libc_nano.a(lib_a-memcpy-stub.o)
                              ./Core/Src/serialise.o (memcpy)
/Applications/STM32CubeIDE.app/Contents/Eclipse/plugins/com.st.stm32cube.ide.mcu.externaltools.gnu-tools-for-stm32.10.3-2021.10.macos64_1.0.100.202210260954/tools/bin/../lib/gcc/arm-none-eabi/10.3.1/../../../../arm-none-eabi/lib/thumb/v7e-m+fp/hard/libc_nano.a(lib_a-memset.o)
                              /Applications/STM32CubeIDE.app/Contents/Eclipse/plugins/com.st.stm32cube.ide.mcu.externaltools.gnu-tools-for-stm32.10.3-2021.10.macos64_1.0.100.202210260954/tools/bin/../lib/gcc/arm-none-eabi/10.3.1/../../../../arm-none-eabi/lib/thumb/v7e-m+fp/hard/crt0.o (memset)
/Applications/STM32CubeIDE.app/Contents/Eclipse/plugins/com.st.stm32cube.ide.mcu.externaltools.gnu-tools-for-stm32.10.3-2021.10.macos64_1.0.100.202210260954/tools/bin/../lib/gcc/arm-none-eabi/10.3.1/../../../../arm-none-eabi/lib/thumb/v7e-m+fp/hard/libc_nano.a(lib_a-strcpy.o)
                              ./Core/Src/sequence.o (strcpy)

Discarded input sections

 .text          0x0000000000000000        0x0 /Applications/STM32CubeIDE.app/Contents/Eclipse/plugins/com.st.stm32cube.ide.mcu.externaltools.gnu-tools-for-stm32.10.3-2021.10.macos64_1.0.100.202210260954/tools/bin/../lib/gcc/arm-none-eabi/10.3.1/thumb/v7e-m+fp/hard/crti.o
 .data          0x0000000000000000        0x0 /Applications/STM32CubeIDE.app/Contents/Eclipse/plugins/com.st.stm32cube.ide.mcu.externaltools.gnu-tools-for-stm32.10.3-2021.10.macos64_1.0.100.202210260954/tools/bin/../lib/gcc/arm-none-eabi/10.3.1/thumb/v7e-m+fp/hard/crti.o
 .bss           0x0000000000000000        0x0 /Applications/STM32CubeIDE.app/Contents/Eclipse/plugins/com.st.stm32cube.ide.mcu.externaltools.gnu-tools-for-stm32.10.3-2021.10.macos64_1.0.100.202210260954/tools/bin/../lib/gcc/arm-none-eabi/10.3.1/thumb/v7e-m+fp/hard/crti.o
 .data          0x0000000000000000        0x4 /Applications/STM32CubeIDE.app/Contents/Eclipse/plugins/com.st.stm32cube.ide.mcu.externaltools.gnu-tools-for-stm32.10.3-2021.10.macos64_1.0.100.202210260954/tools/bin/../lib/gcc/arm-none-eabi/10.3.1/thumb/v7e-m+fp/hard/crtbegin.o
 .rodata        0x0000000000000000       0x24 /Applications/STM32CubeIDE.app/Contents/Eclipse/plugins/com.st.stm32cube.ide.mcu.externaltools.gnu-tools-for-stm32.10.3-2021.10.macos64_1.0.100.202210260954/tools/bin/../lib/gcc/arm-none-eabi/10.3.1/thumb/v7e-m+fp/hard/crtbegin.o
[...]
Memory Configuration

Name             Origin             Length             Attributes
CCMRAM           0x0000000010000000 0x0000000000002000 xrw
RAM              0x0000000020000000 0x000000000000a000 xrw
FLASH            0x0000000008000000 0x0000000000040000 xr
*default*        0x0000000000000000 0xffffffffffffffff

Linker script and memory map

LOAD /Applications/STM32CubeIDE.app/Contents/Eclipse/plugins/com.st.stm32cube.ide.mcu.externaltools.gnu-tools-for-stm32.10.3-2021.10.macos64_1.0.100.202210260954/tools/bin/../lib/gcc/arm-none-eabi/10.3.1/thumb/v7e-m+fp/hard/crti.o
LOAD /Applications/STM32CubeIDE.app/Contents/Eclipse/plugins/com.st.stm32cube.ide.mcu.externaltools.gnu-tools-for-stm32.10.3-2021.10.macos64_1.0.100.202210260954/tools/bin/../lib/gcc/arm-none-eabi/10.3.1/thumb/v7e-m+fp/hard/crtbegin.o
LOAD /Applications/STM32CubeIDE.app/Contents/Eclipse/plugins/com.st.stm32cube.ide.mcu.externaltools.gnu-tools-for-stm32.10.3-2021.10.macos64_1.0.100.202210260954/tools/bin/../lib/gcc/arm-none-eabi/10.3.1/../../../../arm-none-eabi/lib/thumb/v7e-m+fp/hard/crt0.o
LOAD ./Core/Src/main.o
LOAD ./Core/Src/ptu_i2c.o
LOAD ./Core/Src/sequence.o
LOAD ./Core/Src/serial.o
LOAD ./Core/Src/serialise.o
LOAD ./Core/Src/stm32f3xx_hal_msp.o
LOAD ./Core/Src/stm32f3xx_it.o
LOAD ./Core/Src/syscalls.o
LOAD ./Core/Src/sysmem.o
LOAD ./Core/Src/system_stm32f3xx.o
LOAD ./Core/Startup/startup_stm32f303vctx.o
LOAD ./Drivers/STM32F3xx_HAL_Driver/Src/stm32f3xx_hal.o
LOAD ./Drivers/STM32F3xx_HAL_Driver/Src/stm32f3xx_hal_cortex.o
LOAD ./Drivers/STM32F3xx_HAL_Driver/Src/stm32f3xx_hal_dma.o
LOAD ./Drivers/STM32F3xx_HAL_Driver/Src/stm32f3xx_hal_exti.o
LOAD ./Drivers/STM32F3xx_HAL_Driver/Src/stm32f3xx_hal_flash.o
LOAD ./Drivers/STM32F3xx_HAL_Driver/Src/stm32f3xx_hal_flash_ex.o
LOAD ./Drivers/STM32F3xx_HAL_Driver/Src/stm32f3xx_hal_gpio.o
LOAD ./Drivers/STM32F3xx_HAL_Driver/Src/stm32f3xx_hal_i2c.o
LOAD ./Drivers/STM32F3xx_HAL_Driver/Src/stm32f3xx_hal_i2c_ex.o
LOAD ./Drivers/STM32F3xx_HAL_Driver/Src/stm32f3xx_hal_pcd.o
LOAD ./Drivers/STM32F3xx_HAL_Driver/Src/stm32f3xx_hal_pcd_ex.o
LOAD ./Drivers/STM32F3xx_HAL_Driver/Src/stm32f3xx_hal_pwr.o
LOAD ./Drivers/STM32F3xx_HAL_Driver/Src/stm32f3xx_hal_pwr_ex.o
LOAD ./Drivers/STM32F3xx_HAL_Driver/Src/stm32f3xx_hal_rcc.o
LOAD ./Drivers/STM32F3xx_HAL_Driver/Src/stm32f3xx_hal_rcc_ex.o
LOAD ./Drivers/STM32F3xx_HAL_Driver/Src/stm32f3xx_hal_spi.o
LOAD ./Drivers/STM32F3xx_HAL_Driver/Src/stm32f3xx_hal_spi_ex.o
LOAD ./Drivers/STM32F3xx_HAL_Driver/Src/stm32f3xx_hal_tim.o
LOAD ./Drivers/STM32F3xx_HAL_Driver/Src/stm32f3xx_hal_tim_ex.o
LOAD ./Drivers/STM32F3xx_HAL_Driver/Src/stm32f3xx_ll_usb.o
START GROUP
LOAD /Applications/STM32CubeIDE.app/Contents/Eclipse/plugins/com.st.stm32cube.ide.mcu.externaltools.gnu-tools-for-stm32.10.3-2021.10.macos64_1.0.100.202210260954/tools/bin/../lib/gcc/arm-none-eabi/10.3.1/../../../../arm-none-eabi/lib/thumb/v7e-m+fp/hard/libc_nano.a
LOAD /Applications/STM32CubeIDE.app/Contents/Eclipse/plugins/com.st.stm32cube.ide.mcu.externaltools.gnu-tools-for-stm32.10.3-2021.10.macos64_1.0.100.202210260954/tools/bin/../lib/gcc/arm-none-eabi/10.3.1/../../../../arm-none-eabi/lib/thumb/v7e-m+fp/hard/libm.a
END GROUP
START GROUP
LOAD /Applications/STM32CubeIDE.app/Contents/Eclipse/plugins/com.st.stm32cube.ide.mcu.externaltools.gnu-tools-for-stm32.10.3-2021.10.macos64_1.0.100.202210260954/tools/bin/../lib/gcc/arm-none-eabi/10.3.1/thumb/v7e-m+fp/hard/libgcc.a
LOAD /Applications/STM32CubeIDE.app/Contents/Eclipse/plugins/com.st.stm32cube.ide.mcu.externaltools.gnu-tools-for-stm32.10.3-2021.10.macos64_1.0.100.202210260954/tools/bin/../lib/gcc/arm-none-eabi/10.3.1/../../../../arm-none-eabi/lib/thumb/v7e-m+fp/hard/libc_nano.a
END GROUP
START GROUP
LOAD /Applications/STM32CubeIDE.app/Contents/Eclipse/plugins/com.st.stm32cube.ide.mcu.externaltools.gnu-tools-for-stm32.10.3-2021.10.macos64_1.0.100.202210260954/tools/bin/../lib/gcc/arm-none-eabi/10.3.1/thumb/v7e-m+fp/hard/libgcc.a
LOAD /Applications/STM32CubeIDE.app/Contents/Eclipse/plugins/com.st.stm32cube.ide.mcu.externaltools.gnu-tools-for-stm32.10.3-2021.10.macos64_1.0.100.202210260954/tools/bin/../lib/gcc/arm-none-eabi/10.3.1/../../../../arm-none-eabi/lib/thumb/v7e-m+fp/hard/libc_nano.a
LOAD /Applications/STM32CubeIDE.app/Contents/Eclipse/plugins/com.st.stm32cube.ide.mcu.externaltools.gnu-tools-for-stm32.10.3-2021.10.macos64_1.0.100.202210260954/tools/bin/../lib/gcc/arm-none-eabi/10.3.1/../../../../arm-none-eabi/lib/thumb/v7e-m+fp/hard/libnosys.a
END GROUP
START GROUP
LOAD /Applications/STM32CubeIDE.app/Contents/Eclipse/plugins/com.st.stm32cube.ide.mcu.externaltools.gnu-tools-for-stm32.10.3-2021.10.macos64_1.0.100.202210260954/tools/bin/../lib/gcc/arm-none-eabi/10.3.1/thumb/v7e-m+fp/hard/libgcc.a
LOAD /Applications/STM32CubeIDE.app/Contents/Eclipse/plugins/com.st.stm32cube.ide.mcu.externaltools.gnu-tools-for-stm32.10.3-2021.10.macos64_1.0.100.202210260954/tools/bin/../lib/gcc/arm-none-eabi/10.3.1/../../../../arm-none-eabi/lib/thumb/v7e-m+fp/hard/libc_nano.a
LOAD /Applications/STM32CubeIDE.app/Contents/Eclipse/plugins/com.st.stm32cube.ide.mcu.externaltools.gnu-tools-for-stm32.10.3-2021.10.macos64_1.0.100.202210260954/tools/bin/../lib/gcc/arm-none-eabi/10.3.1/../../../../arm-none-eabi/lib/thumb/v7e-m+fp/hard/libnosys.a
END GROUP
LOAD /Applications/STM32CubeIDE.app/Contents/Eclipse/plugins/com.st.stm32cube.ide.mcu.externaltools.gnu-tools-for-stm32.10.3-2021.10.macos64_1.0.100.202210260954/tools/bin/../lib/gcc/arm-none-eabi/10.3.1/thumb/v7e-m+fp/hard/crtend.o
LOAD /Applications/STM32CubeIDE.app/Contents/Eclipse/plugins/com.st.stm32cube.ide.mcu.externaltools.gnu-tools-for-stm32.10.3-2021.10.macos64_1.0.100.202210260954/tools/bin/../lib/gcc/arm-none-eabi/10.3.1/thumb/v7e-m+fp/hard/crtn.o
                0x000000002000a000                _estack = (ORIGIN (RAM) + LENGTH (RAM))
                0x0000000000000200                _Min_Heap_Size = 0x200
                0x0000000000000400                _Min_Stack_Size = 0x400

.isr_vector     0x0000000008000000      0x188
                0x0000000008000000                . = ALIGN (0x4)
 *(.isr_vector)
 .isr_vector    0x0000000008000000      0x188 ./Core/Startup/startup_stm32f303vctx.o
                0x0000000008000000                g_pfnVectors
                0x0000000008000188                . = ALIGN (0x4)

.text           0x0000000008000188     0x591c
                0x0000000008000188                . = ALIGN (0x4)
 *(.text)
 .text          0x0000000008000188       0x40 /Applications/STM32CubeIDE.app/Contents/Eclipse/plugins/com.st.stm32cube.ide.mcu.externaltools.gnu-tools-for-stm32.10.3-2021.10.macos64_1.0.100.202210260954/tools/bin/../lib/gcc/arm-none-eabi/10.3.1/thumb/v7e-m+fp/hard/crtbegin.o
 *(.text*)
 .text.enable_clocks
                0x00000000080001c8       0x20 ./Core/Src/main.o
                0x00000000080001c8                enable_clocks
 .text.initialise_board
                0x00000000080001e8       0x24 ./Core/Src/main.o
                0x00000000080001e8                initialise_board
 .text.HAL_TIM_IC_CaptureCallback
                0x000000000800020c       0x80 ./Core/Src/main.o
                0x000000000800020c                HAL_TIM_IC_CaptureCallback
 .text.main     0x000000000800028c      0x194 ./Core/Src/main.o
                0x000000000800028c                main
 .text.SystemClock_Config
                0x0000000008000420       0xc8 ./Core/Src/main.o
                0x0000000008000420                SystemClock_Config
 .text.MX_I2C1_Init
                0x00000000080004e8       0x80 ./Core/Src/main.o
 .text.MX_SPI1_Init
                0x0000000008000568       0x7c ./Core/Src/main.o
 .text.MX_TIM1_Init
                0x00000000080005e4       0xec ./Core/Src/main.o
 .text.MX_TIM2_Init
                0x00000000080006d0       0xcc ./Core/Src/main.o
 .text.MX_USB_PCD_Init
                0x000000000800079c       0x44 ./Core/Src/main.o
 .text.MX_GPIO_Init
                0x00000000080007e0      0x134 ./Core/Src/main.o
 .text.Error_Handler
                0x0000000008000914        0xa ./Core/Src/main.o
                0x0000000008000914                Error_Handler
 *fill*         0x000000000800091e        0x2 
 .text.initialise_ptu_i2c
                0x0000000008000920      0x164 ./Core/Src/ptu_i2c.o
                0x0000000008000920                initialise_ptu_i2c
 .text.CheckSequence
                0x0000000008000a84      0x140 ./Core/Src/sequence.o
                0x0000000008000a84                CheckSequence
 .text.TIM3_IRQHandler
                0x0000000008000bc4       0x68 ./Core/Src/sequence.o
                0x0000000008000bc4                TIM3_IRQHandler
 .text.SerialInitialise
                0x0000000008000c2c       0xa4 ./Core/Src/serial.o
                0x0000000008000c2c                SerialInitialise
 .text.SerialOutputChar
                0x0000000008000cd0       0x32 ./Core/Src/serial.o
                0x0000000008000cd0                SerialOutputChar
 .text.SerialOutputString
                0x0000000008000d02       0x48 ./Core/Src/serial.o
                0x0000000008000d02                SerialOutputString
 *fill*         0x0000000008000d4a        0x2 
 .text.SerialInputSequence
                0x0000000008000d4c       0xa4 ./Core/Src/serial.o
                0x0000000008000d4c                SerialInputSequence
 .text.USART1_IRQHandler
                0x0000000008000df0       0x28 ./Core/Src/serial.o
                0x0000000008000df0                USART1_IRQHandler
 .text.HAL_MspInit
                0x0000000008000e18       0x48 ./Core/Src/stm32f3xx_hal_msp.o
                0x0000000008000e18                HAL_MspInit
 .text.HAL_I2C_MspInit
                0x0000000008000e60       0x88 ./Core/Src/stm32f3xx_hal_msp.o
                0x0000000008000e60                HAL_I2C_MspInit
 .text.HAL_SPI_MspInit
                0x0000000008000ee8       0x84 ./Core/Src/stm32f3xx_hal_msp.o
                0x0000000008000ee8                HAL_SPI_MspInit
 .text.HAL_TIM_Base_MspInit
                0x0000000008000f6c       0x98 ./Core/Src/stm32f3xx_hal_msp.o
                0x0000000008000f6c                HAL_TIM_Base_MspInit
 .text.HAL_TIM_PWM_MspInit
                0x0000000008001004       0x48 ./Core/Src/stm32f3xx_hal_msp.o
                0x0000000008001004                HAL_TIM_PWM_MspInit
 .text.HAL_TIM_MspPostInit
                0x000000000800104c       0x6c ./Core/Src/stm32f3xx_hal_msp.o
                0x000000000800104c                HAL_TIM_MspPostInit
 .text.HAL_PCD_MspInit
                0x00000000080010b8       0x88 ./Core/Src/stm32f3xx_hal_msp.o
                0x00000000080010b8                HAL_PCD_MspInit
 .text.NMI_Handler
                0x0000000008001140        0x6 ./Core/Src/stm32f3xx_it.o
                0x0000000008001140                NMI_Handler
 .text.HardFault_Handler
                0x0000000008001146        0x6 ./Core/Src/stm32f3xx_it.o
                0x0000000008001146                HardFault_Handler
 .text.MemManage_Handler
                0x000000000800114c        0x6 ./Core/Src/stm32f3xx_it.o
                0x000000000800114c                MemManage_Handler
 .text.BusFault_Handler
                0x0000000008001152        0x6 ./Core/Src/stm32f3xx_it.o
                0x0000000008001152                BusFault_Handler
 .text.UsageFault_Handler
                0x0000000008001158        0x6 ./Core/Src/stm32f3xx_it.o
                0x0000000008001158                UsageFault_Handler
 .text.SVC_Handler
                0x000000000800115e        0xe ./Core/Src/stm32f3xx_it.o
                0x000000000800115e                SVC_Handler
 .text.DebugMon_Handler
                0x000000000800116c        0xe ./Core/Src/stm32f3xx_it.o
                0x000000000800116c                DebugMon_Handler
 .text.PendSV_Handler
                0x000000000800117a        0xe ./Core/Src/stm32f3xx_it.o
                0x000000000800117a                PendSV_Handler
 .text.SysTick_Handler
                0x0000000008001188        0xc ./Core/Src/stm32f3xx_it.o
                0x0000000008001188                SysTick_Handler
 .text.TIM1_CC_IRQHandler
                0x0000000008001194       0x14 ./Core/Src/stm32f3xx_it.o
                0x0000000008001194                TIM1_CC_IRQHandler
 .text.TIM2_IRQHandler
                0x00000000080011a8       0x14 ./Core/Src/stm32f3xx_it.o
                0x00000000080011a8                TIM2_IRQHandler
 .text.SystemInit
                0x00000000080011bc       0x24 ./Core/Src/system_stm32f3xx.o
                0x00000000080011bc                SystemInit
 .text.Reset_Handler
                0x00000000080011e0       0x50 ./Core/Startup/startup_stm32f303vctx.o
                0x00000000080011e0                Reset_Handler
 .text.Default_Handler
                0x0000000008001230        0x2 ./Core/Startup/startup_stm32f303vctx.o
                0x0000000008001230                TIM1_BRK_TIM15_IRQHandler
                0x0000000008001230                TIM8_TRG_COM_IRQHandler
                0x0000000008001230                TIM8_CC_IRQHandler
                0x0000000008001230                USB_HP_IRQHandler
                0x0000000008001230                PVD_IRQHandler
                0x0000000008001230                TAMP_STAMP_IRQHandler
                0x0000000008001230                EXTI3_IRQHandler
                0x0000000008001230                USB_HP_CAN_TX_IRQHandler
                0x0000000008001230                EXTI0_IRQHandler
                0x0000000008001230                I2C2_EV_IRQHandler
                0x0000000008001230                FPU_IRQHandler
                0x0000000008001230                TIM1_UP_TIM16_IRQHandler
                0x0000000008001230                ADC1_2_IRQHandler
                0x0000000008001230                SPI1_IRQHandler
                0x0000000008001230                CAN_SCE_IRQHandler
                0x0000000008001230                TIM6_DAC_IRQHandler
                0x0000000008001230                TIM8_UP_IRQHandler
                0x0000000008001230                DMA2_Channel2_IRQHandler
                0x0000000008001230                DMA1_Channel4_IRQHandler
                0x0000000008001230                USART3_IRQHandler
                0x0000000008001230                DMA1_Channel7_IRQHandler
                0x0000000008001230                UART5_IRQHandler
                0x0000000008001230                ADC3_IRQHandler
                0x0000000008001230                TIM4_IRQHandler
                0x0000000008001230                CAN_RX1_IRQHandler
                0x0000000008001230                DMA2_Channel1_IRQHandler
                0x0000000008001230                I2C1_EV_IRQHandler
                0x0000000008001230                DMA1_Channel6_IRQHandler
                0x0000000008001230                UART4_IRQHandler
                0x0000000008001230                DMA2_Channel4_IRQHandler
                0x0000000008001230                RCC_IRQHandler
                0x0000000008001230                DMA1_Channel1_IRQHandler
                0x0000000008001230                Default_Handler
                0x0000000008001230                USBWakeUp_RMP_IRQHandler
                0x0000000008001230                EXTI15_10_IRQHandler
                0x0000000008001230                TIM7_IRQHandler
                0x0000000008001230                EXTI9_5_IRQHandler
                0x0000000008001230                RTC_WKUP_IRQHandler
                0x0000000008001230                SPI2_IRQHandler
                0x0000000008001230                USB_LP_CAN_RX0_IRQHandler
                0x0000000008001230                DMA2_Channel5_IRQHandler
                0x0000000008001230                DMA1_Channel5_IRQHandler
                0x0000000008001230                USB_LP_IRQHandler
                0x0000000008001230                EXTI4_IRQHandler
                0x0000000008001230                TIM1_TRG_COM_TIM17_IRQHandler
                0x0000000008001230                DMA1_Channel3_IRQHandler
                0x0000000008001230                ADC4_IRQHandler
                0x0000000008001230                WWDG_IRQHandler
                0x0000000008001230                COMP7_IRQHandler
                0x0000000008001230                COMP1_2_3_IRQHandler
                0x0000000008001230                EXTI1_IRQHandler
                0x0000000008001230                USART2_IRQHandler
                0x0000000008001230                COMP4_5_6_IRQHandler
                0x0000000008001230                I2C2_ER_IRQHandler
                0x0000000008001230                DMA1_Channel2_IRQHandler
                0x0000000008001230                TIM8_BRK_IRQHandler
                0x0000000008001230                FLASH_IRQHandler
                0x0000000008001230                SPI3_IRQHandler
                0x0000000008001230                I2C1_ER_IRQHandler
                0x0000000008001230                USBWakeUp_IRQHandler
                0x0000000008001230                DMA2_Channel3_IRQHandler
                0x0000000008001230                EXTI2_TSC_IRQHandler
                0x0000000008001230                RTC_Alarm_IRQHandler
 *fill*         0x0000000008001232        0x2 
 .text.HAL_Init
                0x0000000008001234       0x2c ./Drivers/STM32F3xx_HAL_Driver/Src/stm32f3xx_hal.o
                0x0000000008001234                HAL_Init
 .text.HAL_InitTick
                0x0000000008001260       0x60 ./Drivers/STM32F3xx_HAL_Driver/Src/stm32f3xx_hal.o
                0x0000000008001260                HAL_InitTick
 .text.HAL_IncTick
                0x00000000080012c0       0x28 ./Drivers/STM32F3xx_HAL_Driver/Src/stm32f3xx_hal.o
                0x00000000080012c0                HAL_IncTick
 .text.HAL_GetTick
                0x00000000080012e8       0x18 ./Drivers/STM32F3xx_HAL_Driver/Src/stm32f3xx_hal.o
                0x00000000080012e8                HAL_GetTick
 .text.__NVIC_SetPriorityGrouping
                0x0000000008001300       0x48 ./Drivers/STM32F3xx_HAL_Driver/Src/stm32f3xx_hal_cortex.o
 .text.__NVIC_GetPriorityGrouping
                0x0000000008001348       0x1c ./Drivers/STM32F3xx_HAL_Driver/Src/stm32f3xx_hal_cortex.o
 .text.__NVIC_EnableIRQ
                0x0000000008001364       0x3c ./Drivers/STM32F3xx_HAL_Driver/Src/stm32f3xx_hal_cortex.o
 .text.__NVIC_SetPriority
                0x00000000080013a0       0x54 ./Drivers/STM32F3xx_HAL_Driver/Src/stm32f3xx_hal_cortex.o
 .text.NVIC_EncodePriority
                0x00000000080013f4       0x66 ./Drivers/STM32F3xx_HAL_Driver/Src/stm32f3xx_hal_cortex.o
 *fill*         0x000000000800145a        0x2 
 .text.SysTick_Config
                0x000000000800145c       0x44 ./Drivers/STM32F3xx_HAL_Driver/Src/stm32f3xx_hal_cortex.o
 .text.HAL_NVIC_SetPriorityGrouping
                0x00000000080014a0       0x16 ./Drivers/STM32F3xx_HAL_Driver/Src/stm32f3xx_hal_cortex.o
                0x00000000080014a0                HAL_NVIC_SetPriorityGrouping
 .text.HAL_NVIC_SetPriority
                0x00000000080014b6       0x38 ./Drivers/STM32F3xx_HAL_Driver/Src/stm32f3xx_hal_cortex.o
                0x00000000080014b6                HAL_NVIC_SetPriority
 .text.HAL_NVIC_EnableIRQ
                0x00000000080014ee       0x1c ./Drivers/STM32F3xx_HAL_Driver/Src/stm32f3xx_hal_cortex.o
                0x00000000080014ee                HAL_NVIC_EnableIRQ
 .text.HAL_SYSTICK_Config
                0x000000000800150a       0x18 ./Drivers/STM32F3xx_HAL_Driver/Src/stm32f3xx_hal_cortex.o
                0x000000000800150a                HAL_SYSTICK_Config
 *fill*         0x0000000008001522        0x2 
 .text.HAL_GPIO_Init
                0x0000000008001524      0x2f4 ./Drivers/STM32F3xx_HAL_Driver/Src/stm32f3xx_hal_gpio.o
                0x0000000008001524                HAL_GPIO_Init
 .text.HAL_GPIO_ReadPin
                0x0000000008001818       0x30 ./Drivers/STM32F3xx_HAL_Driver/Src/stm32f3xx_hal_gpio.o
                0x0000000008001818                HAL_GPIO_ReadPin
 .text.HAL_GPIO_WritePin
                0x0000000008001848       0x30 ./Drivers/STM32F3xx_HAL_Driver/Src/stm32f3xx_hal_gpio.o
                0x0000000008001848                HAL_GPIO_WritePin
 .text.HAL_I2C_Init
                0x0000000008001878      0x11e ./Drivers/STM32F3xx_HAL_Driver/Src/stm32f3xx_hal_i2c.o
                0x0000000008001878                HAL_I2C_Init
 *fill*         0x0000000008001996        0x2 
 .text.HAL_I2C_Mem_Write
                0x0000000008001998      0x228 ./Drivers/STM32F3xx_HAL_Driver/Src/stm32f3xx_hal_i2c.o
                0x0000000008001998                HAL_I2C_Mem_Write
 .text.HAL_I2C_Mem_Read
                0x0000000008001bc0      0x234 ./Drivers/STM32F3xx_HAL_Driver/Src/stm32f3xx_hal_i2c.o
                0x0000000008001bc0                HAL_I2C_Mem_Read
 .text.I2C_RequestMemoryWrite
                0x0000000008001df4       0xa8 ./Drivers/STM32F3xx_HAL_Driver/Src/stm32f3xx_hal_i2c.o
 .text.I2C_RequestMemoryRead
                0x0000000008001e9c       0xa8 ./Drivers/STM32F3xx_HAL_Driver/Src/stm32f3xx_hal_i2c.o
 .text.I2C_Flush_TXDR
                0x0000000008001f44       0x48 ./Drivers/STM32F3xx_HAL_Driver/Src/stm32f3xx_hal_i2c.o
 .text.I2C_WaitOnFlagUntilTimeout
                0x0000000008001f8c       0x9e ./Drivers/STM32F3xx_HAL_Driver/Src/stm32f3xx_hal_i2c.o
 .text.I2C_WaitOnTXISFlagUntilTimeout
                0x000000000800202a       0x8e ./Drivers/STM32F3xx_HAL_Driver/Src/stm32f3xx_hal_i2c.o
 .text.I2C_WaitOnSTOPFlagUntilTimeout
                0x00000000080020b8       0x86 ./Drivers/STM32F3xx_HAL_Driver/Src/stm32f3xx_hal_i2c.o
 *fill*         0x000000000800213e        0x2 
 .text.I2C_IsErrorOccurred
                0x0000000008002140      0x1c0 ./Drivers/STM32F3xx_HAL_Driver/Src/stm32f3xx_hal_i2c.o
 .text.I2C_TransferConfig
                0x0000000008002300       0x64 ./Drivers/STM32F3xx_HAL_Driver/Src/stm32f3xx_hal_i2c.o
 .text.HAL_I2CEx_ConfigAnalogFilter
                0x0000000008002364       0x96 ./Drivers/STM32F3xx_HAL_Driver/Src/stm32f3xx_hal_i2c_ex.o
                0x0000000008002364                HAL_I2CEx_ConfigAnalogFilter
 .text.HAL_I2CEx_ConfigDigitalFilter
                0x00000000080023fa       0x98 ./Drivers/STM32F3xx_HAL_Driver/Src/stm32f3xx_hal_i2c_ex.o
                0x00000000080023fa                HAL_I2CEx_ConfigDigitalFilter
 .text.HAL_PCD_Init
                0x0000000008002492      0x1a4 ./Drivers/STM32F3xx_HAL_Driver/Src/stm32f3xx_hal_pcd.o
                0x0000000008002492                HAL_PCD_Init
 *fill*         0x0000000008002636        0x2 
 .text.HAL_RCC_OscConfig
                0x0000000008002638     0x107c ./Drivers/STM32F3xx_HAL_Driver/Src/stm32f3xx_hal_rcc.o
                0x0000000008002638                HAL_RCC_OscConfig
 .text.HAL_RCC_ClockConfig
                0x00000000080036b4      0x2f8 ./Drivers/STM32F3xx_HAL_Driver/Src/stm32f3xx_hal_rcc.o
                0x00000000080036b4                HAL_RCC_ClockConfig
 .text.HAL_RCC_GetSysClockFreq
                0x00000000080039ac       0xd4 ./Drivers/STM32F3xx_HAL_Driver/Src/stm32f3xx_hal_rcc.o
                0x00000000080039ac                HAL_RCC_GetSysClockFreq
 .text.HAL_RCCEx_PeriphCLKConfig
                0x0000000008003a80      0x360 ./Drivers/STM32F3xx_HAL_Driver/Src/stm32f3xx_hal_rcc_ex.o
                0x0000000008003a80                HAL_RCCEx_PeriphCLKConfig
 .text.HAL_SPI_Init
                0x0000000008003de0      0x156 ./Drivers/STM32F3xx_HAL_Driver/Src/stm32f3xx_hal_spi.o
                0x0000000008003de0                HAL_SPI_Init
 .text.HAL_TIM_Base_Init
                0x0000000008003f36       0xae ./Drivers/STM32F3xx_HAL_Driver/Src/stm32f3xx_hal_tim.o
                0x0000000008003f36                HAL_TIM_Base_Init
 .text.HAL_TIM_PWM_Init
                0x0000000008003fe4       0xae ./Drivers/STM32F3xx_HAL_Driver/Src/stm32f3xx_hal_tim.o
                0x0000000008003fe4                HAL_TIM_PWM_Init
 *fill*         0x0000000008004092        0x2 
 .text.HAL_TIM_PWM_Start
                0x0000000008004094      0x200 ./Drivers/STM32F3xx_HAL_Driver/Src/stm32f3xx_hal_tim.o
                0x0000000008004094                HAL_TIM_PWM_Start
 .text.HAL_TIM_IC_Init
                0x0000000008004294       0xae ./Drivers/STM32F3xx_HAL_Driver/Src/stm32f3xx_hal_tim.o
                0x0000000008004294                HAL_TIM_IC_Init
 .text.HAL_TIM_IC_MspInit
                0x0000000008004342       0x14 ./Drivers/STM32F3xx_HAL_Driver/Src/stm32f3xx_hal_tim.o
                0x0000000008004342                HAL_TIM_IC_MspInit
 *fill*         0x0000000008004356        0x2 
 .text.HAL_TIM_IC_Start_IT
                0x0000000008004358      0x284 ./Drivers/STM32F3xx_HAL_Driver/Src/stm32f3xx_hal_tim.o
                0x0000000008004358                HAL_TIM_IC_Start_IT
 .text.HAL_TIM_IRQHandler
                0x00000000080045dc      0x23e ./Drivers/STM32F3xx_HAL_Driver/Src/stm32f3xx_hal_tim.o
                0x00000000080045dc                HAL_TIM_IRQHandler
 .text.HAL_TIM_IC_ConfigChannel
                0x000000000800481a      0x138 ./Drivers/STM32F3xx_HAL_Driver/Src/stm32f3xx_hal_tim.o
                0x000000000800481a                HAL_TIM_IC_ConfigChannel
 *fill*         0x0000000008004952        0x2 
 .text.HAL_TIM_PWM_ConfigChannel
                0x0000000008004954      0x228 ./Drivers/STM32F3xx_HAL_Driver/Src/stm32f3xx_hal_tim.o
                0x0000000008004954                HAL_TIM_PWM_ConfigChannel
 .text.HAL_TIM_ConfigClockSource
                0x0000000008004b7c      0x192 ./Drivers/STM32F3xx_HAL_Driver/Src/stm32f3xx_hal_tim.o
                0x0000000008004b7c                HAL_TIM_ConfigClockSource
 *fill*         0x0000000008004d0e        0x2 
 .text.HAL_TIM_ReadCapturedValue
                0x0000000008004d10       0x88 ./Drivers/STM32F3xx_HAL_Driver/Src/stm32f3xx_hal_tim.o
                0x0000000008004d10                HAL_TIM_ReadCapturedValue
 .text.HAL_TIM_PeriodElapsedCallback
                0x0000000008004d98       0x14 ./Drivers/STM32F3xx_HAL_Driver/Src/stm32f3xx_hal_tim.o
                0x0000000008004d98                HAL_TIM_PeriodElapsedCallback
 .text.HAL_TIM_OC_DelayElapsedCallback
                0x0000000008004dac       0x14 ./Drivers/STM32F3xx_HAL_Driver/Src/stm32f3xx_hal_tim.o
                0x0000000008004dac                HAL_TIM_OC_DelayElapsedCallback
 .text.HAL_TIM_PWM_PulseFinishedCallback
                0x0000000008004dc0       0x14 ./Drivers/STM32F3xx_HAL_Driver/Src/stm32f3xx_hal_tim.o
                0x0000000008004dc0                HAL_TIM_PWM_PulseFinishedCallback
 .text.HAL_TIM_TriggerCallback
                0x0000000008004dd4       0x14 ./Drivers/STM32F3xx_HAL_Driver/Src/stm32f3xx_hal_tim.o
                0x0000000008004dd4                HAL_TIM_TriggerCallback
 .text.TIM_Base_SetConfig
                0x0000000008004de8      0x120 ./Drivers/STM32F3xx_HAL_Driver/Src/stm32f3xx_hal_tim.o
                0x0000000008004de8                TIM_Base_SetConfig
 .text.TIM_OC1_SetConfig
                0x0000000008004f08      0x120 ./Drivers/STM32F3xx_HAL_Driver/Src/stm32f3xx_hal_tim.o
 .text.TIM_OC2_SetConfig
                0x0000000008005028      0x114 ./Drivers/STM32F3xx_HAL_Driver/Src/stm32f3xx_hal_tim.o
                0x0000000008005028                TIM_OC2_SetConfig
 .text.TIM_OC3_SetConfig
                0x000000000800513c      0x110 ./Drivers/STM32F3xx_HAL_Driver/Src/stm32f3xx_hal_tim.o
 .text.TIM_OC4_SetConfig
                0x000000000800524c       0xd4 ./Drivers/STM32F3xx_HAL_Driver/Src/stm32f3xx_hal_tim.o
 .text.TIM_OC5_SetConfig
                0x0000000008005320       0xc8 ./Drivers/STM32F3xx_HAL_Driver/Src/stm32f3xx_hal_tim.o
 .text.TIM_OC6_SetConfig
                0x00000000080053e8       0xcc ./Drivers/STM32F3xx_HAL_Driver/Src/stm32f3xx_hal_tim.o
 .text.TIM_TI1_SetConfig
                0x00000000080054b4       0xd0 ./Drivers/STM32F3xx_HAL_Driver/Src/stm32f3xx_hal_tim.o
                0x00000000080054b4                TIM_TI1_SetConfig
 .text.TIM_TI1_ConfigInputStage
                0x0000000008005584       0x5e ./Drivers/STM32F3xx_HAL_Driver/Src/stm32f3xx_hal_tim.o
 .text.TIM_TI2_SetConfig
                0x00000000080055e2       0x7a ./Drivers/STM32F3xx_HAL_Driver/Src/stm32f3xx_hal_tim.o
 .text.TIM_TI2_ConfigInputStage
                0x000000000800565c       0x60 ./Drivers/STM32F3xx_HAL_Driver/Src/stm32f3xx_hal_tim.o
 .text.TIM_TI3_SetConfig
                0x00000000080056bc       0x78 ./Drivers/STM32F3xx_HAL_Driver/Src/stm32f3xx_hal_tim.o
 .text.TIM_TI4_SetConfig
                0x0000000008005734       0x7a ./Drivers/STM32F3xx_HAL_Driver/Src/stm32f3xx_hal_tim.o
 .text.TIM_ITRx_SetConfig
                0x00000000080057ae       0x36 ./Drivers/STM32F3xx_HAL_Driver/Src/stm32f3xx_hal_tim.o
 .text.TIM_ETR_SetConfig
                0x00000000080057e4       0x40 ./Drivers/STM32F3xx_HAL_Driver/Src/stm32f3xx_hal_tim.o
                0x00000000080057e4                TIM_ETR_SetConfig
 .text.TIM_CCxChannelCmd
                0x0000000008005824       0x4a ./Drivers/STM32F3xx_HAL_Driver/Src/stm32f3xx_hal_tim.o
                0x0000000008005824                TIM_CCxChannelCmd
 *fill*         0x000000000800586e        0x2 
 .text.HAL_TIMEx_MasterConfigSynchronization
                0x0000000008005870      0x100 ./Drivers/STM32F3xx_HAL_Driver/Src/stm32f3xx_hal_tim_ex.o
                0x0000000008005870                HAL_TIMEx_MasterConfigSynchronization
 .text.HAL_TIMEx_CommutCallback
                0x0000000008005970       0x14 ./Drivers/STM32F3xx_HAL_Driver/Src/stm32f3xx_hal_tim_ex.o
                0x0000000008005970                HAL_TIMEx_CommutCallback
 .text.HAL_TIMEx_BreakCallback
                0x0000000008005984       0x14 ./Drivers/STM32F3xx_HAL_Driver/Src/stm32f3xx_hal_tim_ex.o
                0x0000000008005984                HAL_TIMEx_BreakCallback
 .text.HAL_TIMEx_Break2Callback
                0x0000000008005998       0x14 ./Drivers/STM32F3xx_HAL_Driver/Src/stm32f3xx_hal_tim_ex.o
                0x0000000008005998                HAL_TIMEx_Break2Callback
 .text.USB_DisableGlobalInt
                0x00000000080059ac       0x36 ./Drivers/STM32F3xx_HAL_Driver/Src/stm32f3xx_ll_usb.o
                0x00000000080059ac                USB_DisableGlobalInt
 .text.USB_DevInit
                0x00000000080059e2       0x42 ./Drivers/STM32F3xx_HAL_Driver/Src/stm32f3xx_ll_usb.o
                0x00000000080059e2                USB_DevInit
 .text.__libc_init_array
                0x0000000008005a24       0x48 /Applications/STM32CubeIDE.app/Contents/Eclipse/plugins/com.st.stm32cube.ide.mcu.externaltools.gnu-tools-for-stm32.10.3-2021.10.macos64_1.0.100.202210260954/tools/bin/../lib/gcc/arm-none-eabi/10.3.1/../../../../arm-none-eabi/lib/thumb/v7e-m+fp/hard/libc_nano.a(lib_a-init.o)
                0x0000000008005a24                __libc_init_array
 .text.memset   0x0000000008005a6c       0x10 /Applications/STM32CubeIDE.app/Contents/Eclipse/plugins/com.st.stm32cube.ide.mcu.externaltools.gnu-tools-for-stm32.10.3-2021.10.macos64_1.0.100.202210260954/tools/bin/../lib/gcc/arm-none-eabi/10.3.1/../../../../arm-none-eabi/lib/thumb/v7e-m+fp/hard/libc_nano.a(lib_a-memset.o)
                0x0000000008005a6c                memset
 .text.strcpy   0x0000000008005a7c       0x10 /Applications/STM32CubeIDE.app/Contents/Eclipse/plugins/com.st.stm32cube.ide.mcu.externaltools.gnu-tools-for-stm32.10.3-2021.10.macos64_1.0.100.202210260954/tools/bin/../lib/gcc/arm-none-eabi/10.3.1/../../../../arm-none-eabi/lib/thumb/v7e-m+fp/hard/libc_nano.a(lib_a-strcpy.o)
                0x0000000008005a7c                strcpy
 *(.glue_7)
 .glue_7        0x0000000008005a8c        0x0 linker stubs
 *(.glue_7t)
 .glue_7t       0x0000000008005a8c        0x0 linker stubs
 *(.eh_frame)
 .eh_frame      0x0000000008005a8c        0x0 /Applications/STM32CubeIDE.app/Contents/Eclipse/plugins/com.st.stm32cube.ide.mcu.externaltools.gnu-tools-for-stm32.10.3-2021.10.macos64_1.0.100.202210260954/tools/bin/../lib/gcc/arm-none-eabi/10.3.1/thumb/v7e-m+fp/hard/crtbegin.o
 *(.init)
 .init          0x0000000008005a8c        0x4 /Applications/STM32CubeIDE.app/Contents/Eclipse/plugins/com.st.stm32cube.ide.mcu.externaltools.gnu-tools-for-stm32.10.3-2021.10.macos64_1.0.100.202210260954/tools/bin/../lib/gcc/arm-none-eabi/10.3.1/thumb/v7e-m+fp/hard/crti.o
                0x0000000008005a8c                _init
 .init          0x0000000008005a90        0x8 /Applications/STM32CubeIDE.app/Contents/Eclipse/plugins/com.st.stm32cube.ide.mcu.externaltools.gnu-tools-for-stm32.10.3-2021.10.macos64_1.0.100.202210260954/tools/bin/../lib/gcc/arm-none-eabi/10.3.1/thumb/v7e-m+fp/hard/crtn.o
 *(.fini)
 .fini          0x0000000008005a98        0x4 /Applications/STM32CubeIDE.app/Contents/Eclipse/plugins/com.st.stm32cube.ide.mcu.externaltools.gnu-tools-for-stm32.10.3-2021.10.macos64_1.0.100.202210260954/tools/bin/../lib/gcc/arm-none-eabi/10.3.1/thumb/v7e-m+fp/hard/crti.o
                0x0000000008005a98                _fini
 .fini          0x0000000008005a9c        0x8 /Applications/STM32CubeIDE.app/Contents/Eclipse/plugins/com.st.stm32cube.ide.mcu.externaltools.gnu-tools-for-stm32.10.3-2021.10.macos64_1.0.100.202210260954/tools/bin/../lib/gcc/arm-none-eabi/10.3.1/thumb/v7e-m+fp/hard/crtn.o
                0x0000000008005aa4                . = ALIGN (0x4)
                0x0000000008005aa4                _etext = .

.vfp11_veneer   0x0000000008005aa4        0x0
 .vfp11_veneer  0x0000000008005aa4        0x0 linker stubs

.v4_bx          0x0000000008005aa4        0x0
 .v4_bx         0x0000000008005aa4        0x0 linker stubs

.iplt           0x0000000008005aa4        0x0
 .iplt          0x0000000008005aa4        0x0 /Applications/STM32CubeIDE.app/Contents/Eclipse/plugins/com.st.stm32cube.ide.mcu.externaltools.gnu-tools-for-stm32.10.3-2021.10.macos64_1.0.100.202210260954/tools/bin/../lib/gcc/arm-none-eabi/10.3.1/thumb/v7e-m+fp/hard/crtbegin.o

.rodata         0x0000000008005aa4      0x118
                0x0000000008005aa4                . = ALIGN (0x4)
 *(.rodata)
 .rodata        0x0000000008005aa4       0x40 ./Core/Src/main.o
 .rodata        0x0000000008005ae4        0x8 ./Core/Src/ptu_i2c.o
 .rodata        0x0000000008005aec       0xa0 ./Core/Src/sequence.o
 *(.rodata*)
 .rodata.AHBPrescTable
                0x0000000008005b8c       0x10 ./Core/Src/system_stm32f3xx.o
                0x0000000008005b8c                AHBPrescTable
 .rodata.aPLLMULFactorTable
                0x0000000008005b9c       0x10 ./Drivers/STM32F3xx_HAL_Driver/Src/stm32f3xx_hal_rcc.o
 .rodata.aPredivFactorTable
                0x0000000008005bac       0x10 ./Drivers/STM32F3xx_HAL_Driver/Src/stm32f3xx_hal_rcc.o
                0x0000000008005bbc                . = ALIGN (0x4)

.rel.dyn        0x0000000008005bbc        0x0
 .rel.iplt      0x0000000008005bbc        0x0 /Applications/STM32CubeIDE.app/Contents/Eclipse/plugins/com.st.stm32cube.ide.mcu.externaltools.gnu-tools-for-stm32.10.3-2021.10.macos64_1.0.100.202210260954/tools/bin/../lib/gcc/arm-none-eabi/10.3.1/thumb/v7e-m+fp/hard/crtbegin.o

.ARM.extab      0x0000000008005bbc        0x0
                0x0000000008005bbc                . = ALIGN (0x4)
 *(.ARM.extab* .gnu.linkonce.armextab.*)
                0x0000000008005bbc                . = ALIGN (0x4)

.ARM            0x0000000008005bbc        0x0
                0x0000000008005bbc                . = ALIGN (0x4)
                0x0000000008005bbc                __exidx_start = .
 *(.ARM.exidx*)
                0x0000000008005bbc                __exidx_end = .
                0x0000000008005bbc                . = ALIGN (0x4)

.preinit_array  0x0000000008005bbc        0x0
                0x0000000008005bbc                . = ALIGN (0x4)
                0x0000000008005bbc                PROVIDE (__preinit_array_start = .)
 *(.preinit_array*)
                0x0000000008005bbc                PROVIDE (__preinit_array_end = .)
                0x0000000008005bbc                . = ALIGN (0x4)

.init_array     0x0000000008005bbc        0x4
                0x0000000008005bbc                . = ALIGN (0x4)
                0x0000000008005bbc                PROVIDE (__init_array_start = .)
 *(SORT_BY_NAME(.init_array.*))
 *(.init_array*)
 .init_array    0x0000000008005bbc        0x4 /Applications/STM32CubeIDE.app/Contents/Eclipse/plugins/com.st.stm32cube.ide.mcu.externaltools.gnu-tools-for-stm32.10.3-2021.10.macos64_1.0.100.202210260954/tools/bin/../lib/gcc/arm-none-eabi/10.3.1/thumb/v7e-m+fp/hard/crtbegin.o
                0x0000000008005bc0                PROVIDE (__init_array_end = .)
                0x0000000008005bc0                . = ALIGN (0x4)

.fini_array     0x0000000008005bc0        0x4
                0x0000000008005bc0                . = ALIGN (0x4)
                [!provide]                        PROVIDE (__fini_array_start = .)
 *(SORT_BY_NAME(.fini_array.*))
 *(.fini_array*)
 .fini_array    0x0000000008005bc0        0x4 /Applications/STM32CubeIDE.app/Contents/Eclipse/plugins/com.st.stm32cube.ide.mcu.externaltools.gnu-tools-for-stm32.10.3-2021.10.macos64_1.0.100.202210260954/tools/bin/../lib/gcc/arm-none-eabi/10.3.1/thumb/v7e-m+fp/hard/crtbegin.o
                [!provide]                        PROVIDE (__fini_array_end = .)
                0x0000000008005bc4                . = ALIGN (0x4)
                0x0000000008005bc4                _sidata = LOADADDR (.data)

.data           0x0000000020000000       0x68 load address 0x0000000008005bc4
                0x0000000020000000                . = ALIGN (0x4)
                0x0000000020000000                _sdata = .
 *(.data)
 *(.data*)
 .data.seq1     0x0000000020000000        0x4 ./Core/Src/sequence.o
 .data.seq2     0x0000000020000004        0x5 ./Core/Src/sequence.o
 *fill*         0x0000000020000009        0x3 
 .data.seq3     0x000000002000000c        0x6 ./Core/Src/sequence.o
 *fill*         0x0000000020000012        0x2 
 .data.seq4     0x0000000020000014        0x7 ./Core/Src/sequence.o
 *fill*         0x000000002000001b        0x1 
 .data.USART1_PORT
                0x000000002000001c       0x40 ./Core/Src/serial.o
                0x000000002000001c                USART1_PORT
 .data.SystemCoreClock
                0x000000002000005c        0x4 ./Core/Src/system_stm32f3xx.o
                0x000000002000005c                SystemCoreClock
 .data.uwTickPrio
                0x0000000020000060        0x4 ./Drivers/STM32F3xx_HAL_Driver/Src/stm32f3xx_hal.o
                0x0000000020000060                uwTickPrio
 .data.uwTickFreq
                0x0000000020000064        0x1 ./Drivers/STM32F3xx_HAL_Driver/Src/stm32f3xx_hal.o
                0x0000000020000064                uwTickFreq
 *(.RamFunc)
 *(.RamFunc*)
                0x0000000020000068                . = ALIGN (0x4)
 *fill*         0x0000000020000065        0x3 
                0x0000000020000068                _edata = .
                0x0000000008005c2c                _siccmram = LOADADDR (.ccmram)

.igot.plt       0x0000000020000068        0x0 load address 0x0000000008005c2c
 .igot.plt      0x0000000020000068        0x0 /Applications/STM32CubeIDE.app/Contents/Eclipse/plugins/com.st.stm32cube.ide.mcu.externaltools.gnu-tools-for-stm32.10.3-2021.10.macos64_1.0.100.202210260954/tools/bin/../lib/gcc/arm-none-eabi/10.3.1/thumb/v7e-m+fp/hard/crtbegin.o

.ccmram         0x0000000010000000        0x0 load address 0x0000000008005c2c
                0x0000000010000000                . = ALIGN (0x4)
                0x0000000010000000                _sccmram = .
 *(.ccmram)
 *(.ccmram*)
                0x0000000010000000                . = ALIGN (0x4)
                0x0000000010000000                _eccmram = .
                0x0000000010000000                . = ALIGN (0x4)

.bss            0x0000000020000068      0x4bc
                0x0000000020000068                _sbss = .
                0x0000000020000068                __bss_start__ = _sbss
 *(.bss)
 .bss           0x0000000020000068       0x1c /Applications/STM32CubeIDE.app/Contents/Eclipse/plugins/com.st.stm32cube.ide.mcu.externaltools.gnu-tools-for-stm32.10.3-2021.10.macos64_1.0.100.202210260954/tools/bin/../lib/gcc/arm-none-eabi/10.3.1/thumb/v7e-m+fp/hard/crtbegin.o
 *(.bss*)
 .bss.hi2c1     0x0000000020000084       0x54 ./Core/Src/main.o
                0x0000000020000084                hi2c1
 .bss.hspi1     0x00000000200000d8       0x64 ./Core/Src/main.o
                0x00000000200000d8                hspi1
 .bss.htim1     0x000000002000013c       0x4c ./Core/Src/main.o
                0x000000002000013c                htim1
 .bss.htim2     0x0000000020000188       0x4c ./Core/Src/main.o
                0x0000000020000188                htim2
 .bss.hpcd_USB_FS
                0x00000000200001d4      0x2ec ./Core/Src/main.o
                0x00000000200001d4                hpcd_USB_FS
 .bss.last_capture
                0x00000000200004c0        0x2 ./Core/Src/main.o
                0x00000000200004c0                last_capture
 .bss.diff      0x00000000200004c2        0x2 ./Core/Src/main.o
                0x00000000200004c2                diff
 .bss.rise_time
                0x00000000200004c4        0x2 ./Core/Src/main.o
                0x00000000200004c4                rise_time
 .bss.last_period
                0x00000000200004c6        0x2 ./Core/Src/main.o
                0x00000000200004c6                last_period
 .bss.substage_state
                0x00000000200004c8        0x4 ./Core/Src/sequence.o
                0x00000000200004c8                substage_state
 .bss.count     0x00000000200004cc        0x4 ./Core/Src/sequence.o
                0x00000000200004cc                count
 .bss.next_stage
                0x00000000200004d0        0x4 ./Core/Src/sequence.o
                0x00000000200004d0                next_stage
 .bss.timer_expired
                0x00000000200004d4        0x4 ./Core/Src/sequence.o
                0x00000000200004d4                timer_expired
 .bss.first_timer
                0x00000000200004d8        0x4 ./Core/Src/sequence.o
                0x00000000200004d8                first_timer
 .bss.rx_buffer
                0x00000000200004dc       0x40 ./Core/Src/serial.o
                0x00000000200004dc                rx_buffer
 .bss.rx_index  0x000000002000051c        0x1 ./Core/Src/serial.o
                0x000000002000051c                rx_index
 *fill*         0x000000002000051d        0x3 
 .bss.uwTick    0x0000000020000520        0x4 ./Drivers/STM32F3xx_HAL_Driver/Src/stm32f3xx_hal.o
                0x0000000020000520                uwTick
 *(COMMON)
                0x0000000020000524                . = ALIGN (0x4)
                0x0000000020000524                _ebss = .
                0x0000000020000524                __bss_end__ = _ebss

._user_heap_stack
                0x0000000020000524      0x604
                0x0000000020000528                . = ALIGN (0x8)
 *fill*         0x0000000020000524        0x4 
                [!provide]                        PROVIDE (end = .)
                0x0000000020000528                PROVIDE (_end = .)
                0x0000000020000728                . = (. + _Min_Heap_Size)
 *fill*         0x0000000020000528      0x200 
                0x0000000020000b28                . = (. + _Min_Stack_Size)
 *fill*         0x0000000020000728      0x400 
                0x0000000020000b28                . = ALIGN (0x8)

/DISCARD/
 libc.a(*)
 libm.a(*)
 libgcc.a(*)

.ARM.attributes
                0x0000000000000000       0x30
 *(.ARM.attributes)
 .ARM.attributes
                0x0000000000000000       0x1e /Applications/STM32CubeIDE.app/Contents/Eclipse/plugins/com.st.stm32cube.ide.mcu.externaltools.gnu-tools-for-stm32.10.3-2021.10.macos64_1.0.100.202210260954/tools/bin/../lib/gcc/arm-none-eabi/10.3.1/thumb/v7e-m+fp/hard/crti.o
 .ARM.attributes
                0x000000000000001e       0x34 /Applications/STM32CubeIDE.app/Contents/Eclipse/plugins/com.st.stm32cube.ide.mcu.externaltools.gnu-tools-for-stm32.10.3-2021.10.macos64_1.0.100.202210260954/tools/bin/../lib/gcc/arm-none-eabi/10.3.1/thumb/v7e-m+fp/hard/crtbegin.o
 .ARM.attributes
                0x0000000000000052       0x34 ./Core/Src/main.o
 .ARM.attributes
                0x0000000000000086       0x34 ./Core/Src/ptu_i2c.o
 .ARM.attributes
                0x00000000000000ba       0x34 ./Core/Src/sequence.o
 .ARM.attributes
                0x00000000000000ee       0x34 ./Core/Src/serial.o
 .ARM.attributes
                0x0000000000000122       0x34 ./Core/Src/stm32f3xx_hal_msp.o
 .ARM.attributes
                0x0000000000000156       0x34 ./Core/Src/stm32f3xx_it.o
 .ARM.attributes
                0x000000000000018a       0x34 ./Core/Src/system_stm32f3xx.o
 .ARM.attributes
                0x00000000000001be       0x21 ./Core/Startup/startup_stm32f303vctx.o
 .ARM.attributes
                0x00000000000001df       0x34 ./Drivers/STM32F3xx_HAL_Driver/Src/stm32f3xx_hal.o
 .ARM.attributes
                0x0000000000000213       0x34 ./Drivers/STM32F3xx_HAL_Driver/Src/stm32f3xx_hal_cortex.o
 .ARM.attributes
                0x0000000000000247       0x34 ./Drivers/STM32F3xx_HAL_Driver/Src/stm32f3xx_hal_gpio.o
 .ARM.attributes
                0x000000000000027b       0x34 ./Drivers/STM32F3xx_HAL_Driver/Src/stm32f3xx_hal_i2c.o
 .ARM.attributes
                0x00000000000002af       0x34 ./Drivers/STM32F3xx_HAL_Driver/Src/stm32f3xx_hal_i2c_ex.o
 .ARM.attributes
                0x00000000000002e3       0x34 ./Drivers/STM32F3xx_HAL_Driver/Src/stm32f3xx_hal_pcd.o
 .ARM.attributes
                0x0000000000000317       0x34 ./Drivers/STM32F3xx_HAL_Driver/Src/stm32f3xx_hal_rcc.o
 .ARM.attributes
                0x000000000000034b       0x34 ./Drivers/STM32F3xx_HAL_Driver/Src/stm32f3xx_hal_rcc_ex.o
 .ARM.attributes
                0x000000000000037f       0x34 ./Drivers/STM32F3xx_HAL_Driver/Src/stm32f3xx_hal_spi.o
 .ARM.attributes
                0x00000000000003b3       0x34 ./Drivers/STM32F3xx_HAL_Driver/Src/stm32f3xx_hal_tim.o
 .ARM.attributes
                0x00000000000003e7       0x34 ./Drivers/STM32F3xx_HAL_Driver/Src/stm32f3xx_hal_tim_ex.o
 .ARM.attributes
                0x000000000000041b       0x34 ./Drivers/STM32F3xx_HAL_Driver/Src/stm32f3xx_ll_usb.o
 .ARM.attributes
                0x000000000000044f       0x34 /Applications/STM32CubeIDE.app/Contents/Eclipse/plugins/com.st.stm32cube.ide.mcu.externaltools.gnu-tools-for-stm32.10.3-2021.10.macos64_1.0.100.202210260954/tools/bin/../lib/gcc/arm-none-eabi/10.3.1/../../../../arm-none-eabi/lib/thumb/v7e-m+fp/hard/libc_nano.a(lib_a-init.o)
 .ARM.attributes
                0x0000000000000483       0x34 /Applications/STM32CubeIDE.app/Contents/Eclipse/plugins/com.st.stm32cube.ide.mcu.externaltools.gnu-tools-for-stm32.10.3-2021.10.macos64_1.0.100.202210260954/tools/bin/../lib/gcc/arm-none-eabi/10.3.1/../../../../arm-none-eabi/lib/thumb/v7e-m+fp/hard/libc_nano.a(lib_a-memset.o)
 .ARM.attributes
                0x00000000000004b7       0x34 /Applications/STM32CubeIDE.app/Contents/Eclipse/plugins/com.st.stm32cube.ide.mcu.externaltools.gnu-tools-for-stm32.10.3-2021.10.macos64_1.0.100.202210260954/tools/bin/../lib/gcc/arm-none-eabi/10.3.1/../../../../arm-none-eabi/lib/thumb/v7e-m+fp/hard/libc_nano.a(lib_a-strcpy.o)
 .ARM.attributes
                0x00000000000004eb       0x1e /Applications/STM32CubeIDE.app/Contents/Eclipse/plugins/com.st.stm32cube.ide.mcu.externaltools.gnu-tools-for-stm32.10.3-2021.10.macos64_1.0.100.202210260954/tools/bin/../lib/gcc/arm-none-eabi/10.3.1/thumb/v7e-m+fp/hard/crtn.o
OUTPUT(Escape-Room.elf elf32-littlearm)
LOAD linker stubs
LOAD /Applications/STM32CubeIDE.app/Contents/Eclipse/plugins/com.st.stm32cube.ide.mcu.externaltools.gnu-tools-for-stm32.10.3-2021.10.macos64_1.0.100.202210260954/tools/bin/../lib/gcc/arm-none-eabi/10.3.1/../../../../arm-none-eabi/lib/thumb/v7e-m+fp/hard/libc.a
LOAD /Applications/STM32CubeIDE.app/Contents/Eclipse/plugins/com.st.stm32cube.ide.mcu.externaltools.gnu-tools-for-stm32.10.3-2021.10.macos64_1.0.100.202210260954/tools/bin/../lib/gcc/arm-none-eabi/10.3.1/../../../../arm-none-eabi/lib/thumb/v7e-m+fp/hard/libm.a
LOAD /Applications/STM32CubeIDE.app/Contents/Eclipse/plugins/com.st.stm32cube.ide.mcu.externaltools.gnu-tools-for-stm32.10.3-2021.10.macos64_1.0.100.202210260954/tools/bin/../lib/gcc/arm-none-eabi/10.3.1/thumb/v7e-m+fp/hard/libgcc.a

.debug_info     0x0000000000000000    0x14e40
 .debug_info    0x0000000000000000     0x1e05 ./Core/Src/main.o
 .debug_info    0x0000000000001e05      0x895 ./Core/Src/ptu_i2c.o
 .debug_info    0x000000000000269a      0x9be ./Core/Src/sequence.o
 .debug_info    0x0000000000003058      0xd88 ./Core/Src/serial.o
 .debug_info    0x0000000000003de0     0x1878 ./Core/Src/stm32f3xx_hal_msp.o
 .debug_info    0x0000000000005658      0x753 ./Core/Src/stm32f3xx_it.o
 .debug_info    0x0000000000005dab      0x416 ./Core/Src/system_stm32f3xx.o
 .debug_info    0x00000000000061c1       0x22 ./Core/Startup/startup_stm32f303vctx.o
 .debug_info    0x00000000000061e3      0x807 ./Drivers/STM32F3xx_HAL_Driver/Src/stm32f3xx_hal.o
 .debug_info    0x00000000000069ea      0xd85 ./Drivers/STM32F3xx_HAL_Driver/Src/stm32f3xx_hal_cortex.o
 .debug_info    0x000000000000776f      0x68a ./Drivers/STM32F3xx_HAL_Driver/Src/stm32f3xx_hal_gpio.o
 .debug_info    0x0000000000007df9     0x226b ./Drivers/STM32F3xx_HAL_Driver/Src/stm32f3xx_hal_i2c.o
 .debug_info    0x000000000000a064      0x8ab ./Drivers/STM32F3xx_HAL_Driver/Src/stm32f3xx_hal_i2c_ex.o
 .debug_info    0x000000000000a90f     0x1784 ./Drivers/STM32F3xx_HAL_Driver/Src/stm32f3xx_hal_pcd.o
 .debug_info    0x000000000000c093     0x1585 ./Drivers/STM32F3xx_HAL_Driver/Src/stm32f3xx_hal_rcc.o
 .debug_info    0x000000000000d618      0x628 ./Drivers/STM32F3xx_HAL_Driver/Src/stm32f3xx_hal_rcc_ex.o
 .debug_info    0x000000000000dc40     0x178c ./Drivers/STM32F3xx_HAL_Driver/Src/stm32f3xx_hal_spi.o
 .debug_info    0x000000000000f3cc     0x2cdb ./Drivers/STM32F3xx_HAL_Driver/Src/stm32f3xx_hal_tim.o
 .debug_info    0x00000000000120a7     0x16a8 ./Drivers/STM32F3xx_HAL_Driver/Src/stm32f3xx_hal_tim_ex.o
 .debug_info    0x000000000001374f     0x16f1 ./Drivers/STM32F3xx_HAL_Driver/Src/stm32f3xx_ll_usb.o

.debug_abbrev   0x0000000000000000     0x2aec
 .debug_abbrev  0x0000000000000000      0x382 ./Core/Src/main.o
 .debug_abbrev  0x0000000000000382      0x18b ./Core/Src/ptu_i2c.o
 .debug_abbrev  0x000000000000050d      0x264 ./Core/Src/sequence.o
 .debug_abbrev  0x0000000000000771      0x291 ./Core/Src/serial.o
 .debug_abbrev  0x0000000000000a02      0x219 ./Core/Src/stm32f3xx_hal_msp.o
 .debug_abbrev  0x0000000000000c1b      0x184 ./Core/Src/stm32f3xx_it.o
 .debug_abbrev  0x0000000000000d9f      0x116 ./Core/Src/system_stm32f3xx.o
 .debug_abbrev  0x0000000000000eb5       0x12 ./Core/Startup/startup_stm32f303vctx.o
 .debug_abbrev  0x0000000000000ec7      0x20e ./Drivers/STM32F3xx_HAL_Driver/Src/stm32f3xx_hal.o
 .debug_abbrev  0x00000000000010d5      0x316 ./Drivers/STM32F3xx_HAL_Driver/Src/stm32f3xx_hal_cortex.o
 .debug_abbrev  0x00000000000013eb      0x1bb ./Drivers/STM32F3xx_HAL_Driver/Src/stm32f3xx_hal_gpio.o
 .debug_abbrev  0x00000000000015a6      0x24a ./Drivers/STM32F3xx_HAL_Driver/Src/stm32f3xx_hal_i2c.o
 .debug_abbrev  0x00000000000017f0      0x1b0 ./Drivers/STM32F3xx_HAL_Driver/Src/stm32f3xx_hal_i2c_ex.o
 .debug_abbrev  0x00000000000019a0      0x2c0 ./Drivers/STM32F3xx_HAL_Driver/Src/stm32f3xx_hal_pcd.o
 .debug_abbrev  0x0000000000001c60      0x2f9 ./Drivers/STM32F3xx_HAL_Driver/Src/stm32f3xx_hal_rcc.o
 .debug_abbrev  0x0000000000001f59      0x240 ./Drivers/STM32F3xx_HAL_Driver/Src/stm32f3xx_hal_rcc_ex.o
 .debug_abbrev  0x0000000000002199      0x254 ./Drivers/STM32F3xx_HAL_Driver/Src/stm32f3xx_hal_spi.o
 .debug_abbrev  0x00000000000023ed      0x264 ./Drivers/STM32F3xx_HAL_Driver/Src/stm32f3xx_hal_tim.o
 .debug_abbrev  0x0000000000002651      0x26c ./Drivers/STM32F3xx_HAL_Driver/Src/stm32f3xx_hal_tim_ex.o
 .debug_abbrev  0x00000000000028bd      0x22f ./Drivers/STM32F3xx_HAL_Driver/Src/stm32f3xx_ll_usb.o

.debug_aranges  0x0000000000000000     0x11a0
 .debug_aranges
                0x0000000000000000       0x78 ./Core/Src/main.o
 .debug_aranges
                0x0000000000000078       0x20 ./Core/Src/ptu_i2c.o
 .debug_aranges
                0x0000000000000098       0x50 ./Core/Src/sequence.o
 .debug_aranges
                0x00000000000000e8       0x60 ./Core/Src/serial.o
 .debug_aranges
                0x0000000000000148       0x78 ./Core/Src/stm32f3xx_hal_msp.o
 .debug_aranges
                0x00000000000001c0       0x70 ./Core/Src/stm32f3xx_it.o
 .debug_aranges
                0x0000000000000230       0x28 ./Core/Src/system_stm32f3xx.o
 .debug_aranges
                0x0000000000000258       0x28 ./Core/Startup/startup_stm32f303vctx.o
 .debug_aranges
                0x0000000000000280       0xe0 ./Drivers/STM32F3xx_HAL_Driver/Src/stm32f3xx_hal.o
 .debug_aranges
                0x0000000000000360      0x118 ./Drivers/STM32F3xx_HAL_Driver/Src/stm32f3xx_hal_cortex.o
 .debug_aranges
                0x0000000000000478       0x58 ./Drivers/STM32F3xx_HAL_Driver/Src/stm32f3xx_hal_gpio.o
 .debug_aranges
                0x00000000000004d0      0x2a0 ./Drivers/STM32F3xx_HAL_Driver/Src/stm32f3xx_hal_i2c.o
 .debug_aranges
                0x0000000000000770       0x48 ./Drivers/STM32F3xx_HAL_Driver/Src/stm32f3xx_hal_i2c_ex.o
 .debug_aranges
                0x00000000000007b8      0x140 ./Drivers/STM32F3xx_HAL_Driver/Src/stm32f3xx_hal_pcd.o
 .debug_aranges
                0x00000000000008f8       0x88 ./Drivers/STM32F3xx_HAL_Driver/Src/stm32f3xx_hal_rcc.o
 .debug_aranges
                0x0000000000000980       0x38 ./Drivers/STM32F3xx_HAL_Driver/Src/stm32f3xx_hal_rcc_ex.o
 .debug_aranges
                0x00000000000009b8      0x1d8 ./Drivers/STM32F3xx_HAL_Driver/Src/stm32f3xx_hal_spi.o
 .debug_aranges
                0x0000000000000b90      0x3e0 ./Drivers/STM32F3xx_HAL_Driver/Src/stm32f3xx_hal_tim.o
 .debug_aranges
                0x0000000000000f70      0x178 ./Drivers/STM32F3xx_HAL_Driver/Src/stm32f3xx_hal_tim_ex.o
 .debug_aranges
                0x00000000000010e8       0xb8 ./Drivers/STM32F3xx_HAL_Driver/Src/stm32f3xx_ll_usb.o

.debug_ranges   0x0000000000000000     0x1080
 .debug_ranges  0x0000000000000000       0x68 ./Core/Src/main.o
 .debug_ranges  0x0000000000000068       0x10 ./Core/Src/ptu_i2c.o
 .debug_ranges  0x0000000000000078       0x40 ./Core/Src/sequence.o
 .debug_ranges  0x00000000000000b8       0x68 ./Core/Src/serial.o
 .debug_ranges  0x0000000000000120       0x68 ./Core/Src/stm32f3xx_hal_msp.o
 .debug_ranges  0x0000000000000188       0x60 ./Core/Src/stm32f3xx_it.o
 .debug_ranges  0x00000000000001e8       0x18 ./Core/Src/system_stm32f3xx.o
 .debug_ranges  0x0000000000000200       0x20 ./Core/Startup/startup_stm32f303vctx.o
 .debug_ranges  0x0000000000000220       0xd0 ./Drivers/STM32F3xx_HAL_Driver/Src/stm32f3xx_hal.o
 .debug_ranges  0x00000000000002f0      0x108 ./Drivers/STM32F3xx_HAL_Driver/Src/stm32f3xx_hal_cortex.o
 .debug_ranges  0x00000000000003f8       0x48 ./Drivers/STM32F3xx_HAL_Driver/Src/stm32f3xx_hal_gpio.o
 .debug_ranges  0x0000000000000440      0x290 ./Drivers/STM32F3xx_HAL_Driver/Src/stm32f3xx_hal_i2c.o
 .debug_ranges  0x00000000000006d0       0x38 ./Drivers/STM32F3xx_HAL_Driver/Src/stm32f3xx_hal_i2c_ex.o
 .debug_ranges  0x0000000000000708      0x130 ./Drivers/STM32F3xx_HAL_Driver/Src/stm32f3xx_hal_pcd.o
 .debug_ranges  0x0000000000000838       0x78 ./Drivers/STM32F3xx_HAL_Driver/Src/stm32f3xx_hal_rcc.o
 .debug_ranges  0x00000000000008b0       0x28 ./Drivers/STM32F3xx_HAL_Driver/Src/stm32f3xx_hal_rcc_ex.o
 .debug_ranges  0x00000000000008d8      0x1c8 ./Drivers/STM32F3xx_HAL_Driver/Src/stm32f3xx_hal_spi.o
 .debug_ranges  0x0000000000000aa0      0x3d0 ./Drivers/STM32F3xx_HAL_Driver/Src/stm32f3xx_hal_tim.o
 .debug_ranges  0x0000000000000e70      0x168 ./Drivers/STM32F3xx_HAL_Driver/Src/stm32f3xx_hal_tim_ex.o
 .debug_ranges  0x0000000000000fd8       0xa8 ./Drivers/STM32F3xx_HAL_Driver/Src/stm32f3xx_ll_usb.o

.debug_macro    0x0000000000000000    0x1eac3
 .debug_macro   0x0000000000000000      0x31b ./Core/Src/main.o
 .debug_macro   0x000000000000031b      0xa78 ./Core/Src/main.o
 .debug_macro   0x0000000000000d93      0x15d ./Core/Src/main.o
 .debug_macro   0x0000000000000ef0       0x2e ./Core/Src/main.o
 .debug_macro   0x0000000000000f1e       0x28 ./Core/Src/main.o
 .debug_macro   0x0000000000000f46       0x22 ./Core/Src/main.o
 .debug_macro   0x0000000000000f68       0x8e ./Core/Src/main.o
 .debug_macro   0x0000000000000ff6       0x51 ./Core/Src/main.o
 .debug_macro   0x0000000000001047      0x103 ./Core/Src/main.o
 .debug_macro   0x000000000000114a       0x6a ./Core/Src/main.o
 .debug_macro   0x00000000000011b4      0x1df ./Core/Src/main.o
 .debug_macro   0x0000000000001393       0x1c ./Core/Src/main.o
 .debug_macro   0x00000000000013af       0x22 ./Core/Src/main.o
 .debug_macro   0x00000000000013d1       0xd9 ./Core/Src/main.o
 .debug_macro   0x00000000000014aa     0x102d ./Core/Src/main.o
 .debug_macro   0x00000000000024d7      0x11f ./Core/Src/main.o
 .debug_macro   0x00000000000025f6    0x12a3a ./Core/Src/main.o
 .debug_macro   0x0000000000015030       0x6d ./Core/Src/main.o
 .debug_macro   0x000000000001509d     0x3558 ./Core/Src/main.o
 .debug_macro   0x00000000000185f5      0x174 ./Core/Src/main.o
 .debug_macro   0x0000000000018769       0x55 ./Core/Src/main.o
 .debug_macro   0x00000000000187be      0x961 ./Core/Src/main.o
 .debug_macro   0x000000000001911f      0x5fe ./Core/Src/main.o
 .debug_macro   0x000000000001971d      0x1b5 ./Core/Src/main.o
 .debug_macro   0x00000000000198d2      0x1fb ./Core/Src/main.o
 .debug_macro   0x0000000000019acd      0x1dc ./Core/Src/main.o
 .debug_macro   0x0000000000019ca9      0x1bc ./Core/Src/main.o
 .debug_macro   0x0000000000019e65       0x30 ./Core/Src/main.o
 .debug_macro   0x0000000000019e95       0x3c ./Core/Src/main.o
 .debug_macro   0x0000000000019ed1      0x235 ./Core/Src/main.o
 .debug_macro   0x000000000001a106       0xc5 ./Core/Src/main.o
 .debug_macro   0x000000000001a1cb      0x21d ./Core/Src/main.o
 .debug_macro   0x000000000001a3e8      0x22c ./Core/Src/main.o
 .debug_macro   0x000000000001a614       0x5b ./Core/Src/main.o
 .debug_macro   0x000000000001a66f       0xa5 ./Core/Src/main.o
 .debug_macro   0x000000000001a714       0x73 ./Core/Src/main.o
 .debug_macro   0x000000000001a787      0x242 ./Core/Src/main.o
 .debug_macro   0x000000000001a9c9       0x81 ./Core/Src/main.o
 .debug_macro   0x000000000001aa4a       0xd3 ./Core/Src/main.o
 .debug_macro   0x000000000001ab1d      0x2fe ./Core/Src/main.o
 .debug_macro   0x000000000001ae1b      0xa59 ./Core/Src/main.o
 .debug_macro   0x000000000001b874       0x89 ./Core/Src/main.o
 .debug_macro   0x000000000001b8fd      0x275 ./Core/Src/main.o
 .debug_macro   0x000000000001bb72      0x190 ./Core/Src/main.o
 .debug_macro   0x000000000001bd02      0x142 ./Core/Src/main.o
 .debug_macro   0x000000000001be44       0x52 ./Core/Src/main.o
 .debug_macro   0x000000000001be96       0x1e ./Core/Src/main.o
 .debug_macro   0x000000000001beb4       0x3c ./Core/Src/main.o
 .debug_macro   0x000000000001bef0       0x34 ./Core/Src/main.o
 .debug_macro   0x000000000001bf24       0x16 ./Core/Src/main.o
 .debug_macro   0x000000000001bf3a       0x43 ./Core/Src/main.o
 .debug_macro   0x000000000001bf7d       0x34 ./Core/Src/main.o
 .debug_macro   0x000000000001bfb1       0x10 ./Core/Src/main.o
 .debug_macro   0x000000000001bfc1       0x58 ./Core/Src/main.o
 .debug_macro   0x000000000001c019       0x71 ./Core/Src/main.o
 .debug_macro   0x000000000001c08a       0x1c ./Core/Src/main.o
 .debug_macro   0x000000000001c0a6      0x12a ./Core/Src/main.o
 .debug_macro   0x000000000001c1d0      0x341 ./Core/Src/main.o
 .debug_macro   0x000000000001c511       0x10 ./Core/Src/main.o
 .debug_macro   0x000000000001c521       0x35 ./Core/Src/main.o
 .debug_macro   0x000000000001c556       0x20 ./Core/Src/main.o
 .debug_macro   0x000000000001c576      0x19b ./Core/Src/main.o
 .debug_macro   0x000000000001c711      0x20f ./Core/Src/ptu_i2c.o
 .debug_macro   0x000000000001c920      0x1a6 ./Core/Src/sequence.o
 .debug_macro   0x000000000001cac6       0xe1 ./Core/Src/serial.o
 .debug_macro   0x000000000001cba7      0x20b ./Core/Src/stm32f3xx_hal_msp.o
 .debug_macro   0x000000000001cdb2      0x215 ./Core/Src/stm32f3xx_it.o
 .debug_macro   0x000000000001cfc7      0x1fc ./Core/Src/system_stm32f3xx.o
 .debug_macro   0x000000000001d1c3      0x220 ./Drivers/STM32F3xx_HAL_Driver/Src/stm32f3xx_hal.o
 .debug_macro   0x000000000001d3e3      0x1fc ./Drivers/STM32F3xx_HAL_Driver/Src/stm32f3xx_hal_cortex.o
 .debug_macro   0x000000000001d5df      0x203 ./Drivers/STM32F3xx_HAL_Driver/Src/stm32f3xx_hal_gpio.o
 .debug_macro   0x000000000001d7e2      0x2c8 ./Drivers/STM32F3xx_HAL_Driver/Src/stm32f3xx_hal_i2c.o
 .debug_macro   0x000000000001daaa      0x1fc ./Drivers/STM32F3xx_HAL_Driver/Src/stm32f3xx_hal_i2c_ex.o
 .debug_macro   0x000000000001dca6      0x208 ./Drivers/STM32F3xx_HAL_Driver/Src/stm32f3xx_hal_pcd.o
 .debug_macro   0x000000000001deae      0x220 ./Drivers/STM32F3xx_HAL_Driver/Src/stm32f3xx_hal_rcc.o
 .debug_macro   0x000000000001e0ce      0x1fc ./Drivers/STM32F3xx_HAL_Driver/Src/stm32f3xx_hal_rcc_ex.o
 .debug_macro   0x000000000001e2ca      0x204 ./Drivers/STM32F3xx_HAL_Driver/Src/stm32f3xx_hal_spi.o
 .debug_macro   0x000000000001e4ce      0x1fd ./Drivers/STM32F3xx_HAL_Driver/Src/stm32f3xx_hal_tim.o
 .debug_macro   0x000000000001e6cb      0x1fc ./Drivers/STM32F3xx_HAL_Driver/Src/stm32f3xx_hal_tim_ex.o
 .debug_macro   0x000000000001e8c7      0x1fc ./Drivers/STM32F3xx_HAL_Driver/Src/stm32f3xx_ll_usb.o

.debug_line     0x0000000000000000    0x15ddb
 .debug_line    0x0000000000000000      0xc7b ./Core/Src/main.o
 .debug_line    0x0000000000000c7b      0x7a7 ./Core/Src/ptu_i2c.o
 .debug_line    0x0000000000001422      0x896 ./Core/Src/sequence.o
 .debug_line    0x0000000000001cb8      0x6fb ./Core/Src/serial.o
 .debug_line    0x00000000000023b3      0x903 ./Core/Src/stm32f3xx_hal_msp.o
 .debug_line    0x0000000000002cb6      0x852 ./Core/Src/stm32f3xx_it.o
 .debug_line    0x0000000000003508      0x7d6 ./Core/Src/system_stm32f3xx.o
 .debug_line    0x0000000000003cde       0x88 ./Core/Startup/startup_stm32f303vctx.o
 .debug_line    0x0000000000003d66      0xa0b ./Drivers/STM32F3xx_HAL_Driver/Src/stm32f3xx_hal.o
 .debug_line    0x0000000000004771      0xcd0 ./Drivers/STM32F3xx_HAL_Driver/Src/stm32f3xx_hal_cortex.o
 .debug_line    0x0000000000005441      0xb6a ./Drivers/STM32F3xx_HAL_Driver/Src/stm32f3xx_hal_gpio.o
 .debug_line    0x0000000000005fab     0x37da ./Drivers/STM32F3xx_HAL_Driver/Src/stm32f3xx_hal_i2c.o
 .debug_line    0x0000000000009785      0x97d ./Drivers/STM32F3xx_HAL_Driver/Src/stm32f3xx_hal_i2c_ex.o
 .debug_line    0x000000000000a102     0x1352 ./Drivers/STM32F3xx_HAL_Driver/Src/stm32f3xx_hal_pcd.o
 .debug_line    0x000000000000b454     0x13e8 ./Drivers/STM32F3xx_HAL_Driver/Src/stm32f3xx_hal_rcc.o
 .debug_line    0x000000000000c83c      0xd74 ./Drivers/STM32F3xx_HAL_Driver/Src/stm32f3xx_hal_rcc_ex.o
 .debug_line    0x000000000000d5b0     0x1fc6 ./Drivers/STM32F3xx_HAL_Driver/Src/stm32f3xx_hal_spi.o
 .debug_line    0x000000000000f576     0x3d6f ./Drivers/STM32F3xx_HAL_Driver/Src/stm32f3xx_hal_tim.o
 .debug_line    0x00000000000132e5     0x1af2 ./Drivers/STM32F3xx_HAL_Driver/Src/stm32f3xx_hal_tim_ex.o
 .debug_line    0x0000000000014dd7     0x1004 ./Drivers/STM32F3xx_HAL_Driver/Src/stm32f3xx_ll_usb.o

.debug_str      0x0000000000000000    0xb90f1
 .debug_str     0x0000000000000000    0xb4e1c ./Core/Src/main.o
                                      0xb56a9 (size before relaxing)
 .debug_str     0x00000000000b4e1c      0x131 ./Core/Src/ptu_i2c.o
                                      0xb0acb (size before relaxing)
 .debug_str     0x00000000000b4f4d      0x4b2 ./Core/Src/sequence.o
                                      0x759a9 (size before relaxing)
 .debug_str     0x00000000000b53ff      0x2f0 ./Core/Src/serial.o
                                      0x72a72 (size before relaxing)
 .debug_str     0x00000000000b56ef      0x173 ./Core/Src/stm32f3xx_hal_msp.o
                                      0xb1975 (size before relaxing)
 .debug_str     0x00000000000b5862       0xec ./Core/Src/stm32f3xx_it.o
                                      0xb0bfc (size before relaxing)
 .debug_str     0x00000000000b594e       0xdf ./Core/Src/system_stm32f3xx.o
                                      0xb0180 (size before relaxing)
 .debug_str     0x00000000000b5a2d       0x36 ./Core/Startup/startup_stm32f303vctx.o
                                         0x79 (size before relaxing)
 .debug_str     0x00000000000b5a63      0x37a ./Drivers/STM32F3xx_HAL_Driver/Src/stm32f3xx_hal.o
                                      0xb09be (size before relaxing)
 .debug_str     0x00000000000b5ddd      0x2ec ./Drivers/STM32F3xx_HAL_Driver/Src/stm32f3xx_hal_cortex.o
                                      0xb0a10 (size before relaxing)
 .debug_str     0x00000000000b60c9       0xd0 ./Drivers/STM32F3xx_HAL_Driver/Src/stm32f3xx_hal_gpio.o
                                      0xb02ed (size before relaxing)
 .debug_str     0x00000000000b6199      0xe27 ./Drivers/STM32F3xx_HAL_Driver/Src/stm32f3xx_hal_i2c.o
                                      0xb1483 (size before relaxing)
 .debug_str     0x00000000000b6fc0       0xb8 ./Drivers/STM32F3xx_HAL_Driver/Src/stm32f3xx_hal_i2c_ex.o
                                      0xb06a1 (size before relaxing)
 .debug_str     0x00000000000b7078      0x507 ./Drivers/STM32F3xx_HAL_Driver/Src/stm32f3xx_hal_pcd.o
                                      0xb0995 (size before relaxing)
 .debug_str     0x00000000000b757f      0x2c6 ./Drivers/STM32F3xx_HAL_Driver/Src/stm32f3xx_hal_rcc.o
                                      0xb0620 (size before relaxing)
 .debug_str     0x00000000000b7845       0xbe ./Drivers/STM32F3xx_HAL_Driver/Src/stm32f3xx_hal_rcc_ex.o
                                      0xb03e4 (size before relaxing)
 .debug_str     0x00000000000b7903      0x574 ./Drivers/STM32F3xx_HAL_Driver/Src/stm32f3xx_hal_spi.o
                                      0xb0aa6 (size before relaxing)
 .debug_str     0x00000000000b7e77      0xcc6 ./Drivers/STM32F3xx_HAL_Driver/Src/stm32f3xx_hal_tim.o
                                      0xb15a7 (size before relaxing)
 .debug_str     0x00000000000b8b3d      0x4dc ./Drivers/STM32F3xx_HAL_Driver/Src/stm32f3xx_hal_tim_ex.o
                                      0xb0dfd (size before relaxing)
 .debug_str     0x00000000000b9019       0xd8 ./Drivers/STM32F3xx_HAL_Driver/Src/stm32f3xx_ll_usb.o
                                      0xb04ea (size before relaxing)

.comment        0x0000000000000000       0x50
 .comment       0x0000000000000000       0x50 ./Core/Src/main.o
                                         0x51 (size before relaxing)
 .comment       0x0000000000000050       0x51 ./Core/Src/ptu_i2c.o
 .comment       0x0000000000000050       0x51 ./Core/Src/sequence.o
 .comment       0x0000000000000050       0x51 ./Core/Src/serial.o
 .comment       0x0000000000000050       0x51 ./Core/Src/stm32f3xx_hal_msp.o
 .comment       0x0000000000000050       0x51 ./Core/Src/stm32f3xx_it.o
 .comment       0x0000000000000050       0x51 ./Core/Src/system_stm32f3xx.o
 .comment       0x0000000000000050       0x51 ./Drivers/STM32F3xx_HAL_Driver/Src/stm32f3xx_hal.o
 .comment       0x0000000000000050       0x51 ./Drivers/STM32F3xx_HAL_Driver/Src/stm32f3xx_hal_cortex.o
 .comment       0x0000000000000050       0x51 ./Drivers/STM32F3xx_HAL_Driver/Src/stm32f3xx_hal_gpio.o
 .comment       0x0000000000000050       0x51 ./Drivers/STM32F3xx_HAL_Driver/Src/stm32f3xx_hal_i2c.o
 .comment       0x0000000000000050       0x51 ./Drivers/STM32F3xx_HAL_Driver/Src/stm32f3xx_hal_i2c_ex.o
 .comment       0x0000000000000050       0x51 ./Drivers/STM32F3xx_HAL_Driver/Src/stm32f3xx_hal_pcd.o
 .comment       0x0000000000000050       0x51 ./Drivers/STM32F3xx_HAL_Driver/Src/stm32f3xx_hal_rcc.o
 .comment       0x0000000000000050       0x51 ./Drivers/STM32F3xx_HAL_Driver/Src/stm32f3xx_hal_rcc_ex.o
 .comment       0x0000000000000050       0x51 ./Drivers/STM32F3xx_HAL_Driver/Src/stm32f3xx_hal_spi.o
 .comment       0x0000000000000050       0x51 ./Drivers/STM32F3xx_HAL_Driver/Src/stm32f3xx_hal_tim.o
 .comment       0x0000000000000050       0x51 ./Drivers/STM32F3xx_HAL_Driver/Src/stm32f3xx_hal_tim_ex.o
 .comment       0x0000000000000050       0x51 ./Drivers/STM32F3xx_HAL_Driver/Src/stm32f3xx_ll_usb.o

.debug_frame    0x0000000000000000     0x4ae8
 .debug_frame   0x0000000000000000      0x1a0 ./Core/Src/main.o
 .debug_frame   0x00000000000001a0       0x38 ./Core/Src/ptu_i2c.o
 .debug_frame   0x00000000000001d8      0x10c ./Core/Src/sequence.o
 .debug_frame   0x00000000000002e4      0x158 ./Core/Src/serial.o
 .debug_frame   0x000000000000043c      0x1c0 ./Core/Src/stm32f3xx_hal_msp.o
 .debug_frame   0x00000000000005fc      0x13c ./Core/Src/stm32f3xx_it.o
 .debug_frame   0x0000000000000738       0x58 ./Core/Src/system_stm32f3xx.o
 .debug_frame   0x0000000000000790      0x334 ./Drivers/STM32F3xx_HAL_Driver/Src/stm32f3xx_hal.o
 .debug_frame   0x0000000000000ac4      0x498 ./Drivers/STM32F3xx_HAL_Driver/Src/stm32f3xx_hal_cortex.o
 .debug_frame   0x0000000000000f5c      0x14c ./Drivers/STM32F3xx_HAL_Driver/Src/stm32f3xx_hal_gpio.o
 .debug_frame   0x00000000000010a8      0xc38 ./Drivers/STM32F3xx_HAL_Driver/Src/stm32f3xx_hal_i2c.o
 .debug_frame   0x0000000000001ce0      0x100 ./Drivers/STM32F3xx_HAL_Driver/Src/stm32f3xx_hal_i2c_ex.o
 .debug_frame   0x0000000000001de0      0x59c ./Drivers/STM32F3xx_HAL_Driver/Src/stm32f3xx_hal_pcd.o
 .debug_frame   0x000000000000237c      0x214 ./Drivers/STM32F3xx_HAL_Driver/Src/stm32f3xx_hal_rcc.o
 .debug_frame   0x0000000000002590       0xb0 ./Drivers/STM32F3xx_HAL_Driver/Src/stm32f3xx_hal_rcc_ex.o
 .debug_frame   0x0000000000002640      0x860 ./Drivers/STM32F3xx_HAL_Driver/Src/stm32f3xx_hal_spi.o
 .debug_frame   0x0000000000002ea0     0x121c ./Drivers/STM32F3xx_HAL_Driver/Src/stm32f3xx_hal_tim.o
 .debug_frame   0x00000000000040bc      0x688 ./Drivers/STM32F3xx_HAL_Driver/Src/stm32f3xx_hal_tim_ex.o
 .debug_frame   0x0000000000004744      0x338 ./Drivers/STM32F3xx_HAL_Driver/Src/stm32f3xx_ll_usb.o
 .debug_frame   0x0000000000004a7c       0x2c /Applications/STM32CubeIDE.app/Contents/Eclipse/plugins/com.st.stm32cube.ide.mcu.externaltools.gnu-tools-for-stm32.10.3-2021.10.macos64_1.0.100.202210260954/tools/bin/../lib/gcc/arm-none-eabi/10.3.1/../../../../arm-none-eabi/lib/thumb/v7e-m+fp/hard/libc_nano.a(lib_a-init.o)
 .debug_frame   0x0000000000004aa8       0x20 /Applications/STM32CubeIDE.app/Contents/Eclipse/plugins/com.st.stm32cube.ide.mcu.externaltools.gnu-tools-for-stm32.10.3-2021.10.macos64_1.0.100.202210260954/tools/bin/../lib/gcc/arm-none-eabi/10.3.1/../../../../arm-none-eabi/lib/thumb/v7e-m+fp/hard/libc_nano.a(lib_a-memset.o)
 .debug_frame   0x0000000000004ac8       0x20 /Applications/STM32CubeIDE.app/Contents/Eclipse/plugins/com.st.stm32cube.ide.mcu.externaltools.gnu-tools-for-stm32.10.3-2021.10.macos64_1.0.100.202210260954/tools/bin/../lib/gcc/arm-none-eabi/10.3.1/../../../../arm-none-eabi/lib/thumb/v7e-m+fp/hard/libc_nano.a(lib_a-strcpy.o)
