../Core/Src/main.c:81:6:enable_clocks	4	static
../Core/Src/main.c:87:6:initialise_board	16	static
../Core/Src/main.c:113:6:HAL_TIM_IC_CaptureCallback	56	static
../Core/Src/main.c:144:5:main	296	static
../Core/Src/main.c:473:6:SystemClock_Config	128	static
../Core/Src/main.c:525:13:MX_I2C1_Init	8	static
../Core/Src/main.c:573:13:MX_I2C2_Init	8	static
../Core/Src/main.c:621:13:MX_SPI1_Init	8	static
../Core/Src/main.c:661:13:MX_TIM1_Init	56	static
../Core/Src/main.c:721:13:MX_TIM2_Init	48	static
../Core/Src/main.c:774:13:MX_USB_PCD_Init	8	static
../Core/Src/main.c:805:13:MX_GPIO_Init	48	static
../Core/Src/main.c:849:6:PTU_callback_function	8	static
../Core/Src/main.c:888:6:Error_Handler	4	static,ignoring_inline_asm
