../Drivers/CMSIS/Include/core_cm4.h:1688:22:__NVIC_EnableIRQ	16	static
../Core/Src/serial.c:64:6:SerialInitialise	32	static
../Core/Src/serial.c:129:6:SerialOutputChar	16	static
../Core/Src/serial.c:141:6:SerialOutputString	24	static
../Core/Src/serial.c:163:9:SerialInputChar	32	static
../Core/Src/serial.c:188:10:SerialInputString	24	static
../Core/Src/serial.c:213:6:recieve_data	16	static
../Core/Src/serial.c:246:6:setup_transmission	16	static
../Core/Src/serial.c:255:6:enable_USART_interrupts	16	static
../Core/Src/serial.c:261:6:USART1_IRQHandler	4	static
../Core/Src/serial.c:288:6:EnableInterrupt	8	static,ignoring_inline_asm
