../Core/Src/main.c:80:6:enable_clocks	4	static
../Core/Src/main.c:86:6:initialise_board	16	static
../Core/Src/main.c:110:6:HAL_TIM_IC_CaptureCallback	56	static
../Core/Src/main.c:154:5:main	104	static
../Core/Src/main.c:270:6:SystemClock_Config	128	static
../Core/Src/main.c:321:13:MX_I2C1_Init	8	static
../Core/Src/main.c:369:13:MX_SPI1_Init	8	static
../Core/Src/main.c:409:13:MX_TIM1_Init	56	static
../Core/Src/main.c:469:13:MX_TIM2_Init	48	static
../Core/Src/main.c:522:13:MX_USB_PCD_Init	8	static
../Core/Src/main.c:553:13:MX_GPIO_Init	56	static
../Core/Src/main.c:611:6:Error_Handler	4	static,ignoring_inline_asm
