../Drivers/CMSIS/Include/core_cm4.h:1688:22:__NVIC_EnableIRQ	16	static
../Core/Src/serial.c:105:6:SerialInitialise	24	static
../Core/Src/serial.c:144:6:EnableSerialInterrupt	16	static,ignoring_inline_asm
../Core/Src/serial.c:164:6:SerialOutputChar	16	static
../Core/Src/serial.c:171:6:SerialOutputString	24	static
../Core/Src/serial.c:186:6:SerialInputSequence	24	static
../Core/Src/serial.c:223:6:read_joystick_x	24	static
../Core/Src/serial.c:243:6:read_joystick_y	24	static
../Core/Src/serial.c:263:6:USART1_IRQHandler	8	static
